 mainSim_sfun

 Timestamp is 51622ae3 (Sun Apr 07 19:26:43 2013)

 Preferred load address is 0000000180000000

 Start         Length     Name                   Class
 0001:00000000 0003a144H .text                   CODE
 0001:0003a150 00000092H .text$x                 CODE
 0002:00000000 00000490H .idata$5                DATA
 0002:00000490 00000008H .CRT$XCA                DATA
 0002:00000498 00000008H .CRT$XCZ                DATA
 0002:000004a0 00000008H .CRT$XIA                DATA
 0002:000004a8 00000008H .CRT$XIAA               DATA
 0002:000004b0 00000008H .CRT$XIZ                DATA
 0002:000004c0 00004b9cH .rdata                  DATA
 0002:00005060 00000008H .rtc$IAA                DATA
 0002:00005068 00000008H .rtc$IZZ                DATA
 0002:00005070 00000008H .rtc$TAA                DATA
 0002:00005078 00000008H .rtc$TZZ                DATA
 0002:00005080 00003ed4H .xdata                  DATA
 0002:00008f54 000000a0H .idata$2                DATA
 0002:00008ff4 00000014H .idata$3                DATA
 0002:00009008 00000490H .idata$4                DATA
 0002:00009498 00000a96H .idata$6                DATA
 0002:00009f30 00000052H .edata                  DATA
 0003:00000000 00002a18H .data                   DATA
 0003:00002a20 000026b8H .bss                    DATA
 0004:00000000 00003024H .pdata                  DATA

  Address         Publics by Value              Rva+Base               Lib:Object

 0000:00000000       ___safe_se_handler_table   0000000000000000     <absolute>
 0000:00000000       ___safe_se_handler_count   0000000000000000     <absolute>
 0000:00000000       __ImageBase                0000000180000000     <linker-defined>
 0001:00000000       sf_c1_mainSim_get_eml_resolved_functions_info 0000000180001000 f   c1_mainSim.obj
 0001:00001500       sf_c1_mainSim_get_check_sum 0000000180002500 f   c1_mainSim.obj
 0001:00001580       sf_c1_mainSim_get_autoinheritance_info 0000000180002580 f   c1_mainSim.obj
 0001:00001c40       sf_internal_get_sim_state_c1_mainSim 0000000180002c40 f   c1_mainSim.obj
 0001:00002060       sf_internal_set_sim_state_c1_mainSim 0000000180003060 f   c1_mainSim.obj
 0001:000024a0       c1_mainSim_method_dispatcher 00000001800034a0 f   c1_mainSim.obj
 0001:00008720       sf_process_check_sum_call  0000000180009720 f   mainSim_sfun_registry.obj
 0001:00008770       sf_process_autoinheritance_call 0000000180009770 f   mainSim_sfun_registry.obj
 0001:00008910       sf_process_get_eml_resolved_functions_info_call 0000000180009910 f   mainSim_sfun_registry.obj
 0001:00008a90       sf_mex_unlock_call         0000000180009a90 f   mainSim_sfun_registry.obj
 0001:00008b40       sf_machine_global_initializer_called 0000000180009b40 f   mainSim_sfun_registry.obj
 0001:00008b70       sf_machine_global_method_dispatcher 0000000180009b70 f   mainSim_sfun_registry.obj
 0001:00008bd0       sf_machine_global_terminator 0000000180009bd0 f   mainSim_sfun_registry.obj
 0001:00008c10       sf_register_machine_exported_symbols 0000000180009c10 f   mainSim_sfun_registry.obj
 0001:00008c30       callCustomFcn              0000000180009c30 f   mainSim_sfun_registry.obj
 0001:00008c40       sf_machine_global_initializer 0000000180009c40 f   mainSim_sfun_registry.obj
 0001:00008cb0       _ssSetStateAbsTol          0000000180009cb0 f   mainSim_sfun_registry.obj
 0001:00008d90       _ssGetAbsTol               0000000180009d90 f   mainSim_sfun_registry.obj
 0001:00008e00       _ssSetInputPortMatrixDimensions 0000000180009e00 f   mainSim_sfun_registry.obj
 0001:00008f10       _ssSetOutputPortMatrixDimensions 0000000180009f10 f   mainSim_sfun_registry.obj
 0001:00009020       _ssSetInputPortVectorDimension 000000018000a020 f   mainSim_sfun_registry.obj
 0001:000090f0       _ssSetOutputPortVectorDimension 000000018000a0f0 f   mainSim_sfun_registry.obj
 0001:000091c0       ssIsRunTimeParamTunable    000000018000a1c0 f   mainSim_sfun_registry.obj
 0001:00009230       ssGetSFuncBlockHandle      000000018000a230 f   mainSim_sfun_registry.obj
 0001:000092a0       _ssGetCurrentInputPortWidth 000000018000a2a0 f   mainSim_sfun_registry.obj
 0001:000093c0       _ssGetCurrentOutputPortWidth 000000018000a3c0 f   mainSim_sfun_registry.obj
 0001:000094e0       _ssGetCallSystemNumFcnCallDestinations 000000018000a4e0 f   mainSim_sfun_registry.obj
 0001:00009550       ssWarning                  000000018000a550 f   mainSim_sfun_registry.obj
 0001:00009660       ssGetIsZeroCrossControlDisabled 000000018000a660 f   mainSim_sfun_registry.obj
 0001:000096d0       ssSetIsInputPortUsedForContZcSignal 000000018000a6d0 f   mainSim_sfun_registry.obj
 0001:00009740       ssSetZcSignalIsZcElementDisc 000000018000a740 f   mainSim_sfun_registry.obj
 0001:000097f0       ssSetZcSignalName          000000018000a7f0 f   mainSim_sfun_registry.obj
 0001:00009860       ssSetZcSignalWidth         000000018000a860 f   mainSim_sfun_registry.obj
 0001:000098d0       ssSetZcSignalZcEventType   000000018000a8d0 f   mainSim_sfun_registry.obj
 0001:00009940       ssSetZcSignalType          000000018000a940 f   mainSim_sfun_registry.obj
 0001:000099b0       ssSetZcSignalZcTol         000000018000a9b0 f   mainSim_sfun_registry.obj
 0001:00009a20       ssSetZcSignalNeedsEventNotification 000000018000aa20 f   mainSim_sfun_registry.obj
 0001:00009a90       ssCreateAndAddZcSignalInfo 000000018000aa90 f   mainSim_sfun_registry.obj
 0001:00009b00       ssCloneAndAddZcSignalInfo  000000018000ab00 f   mainSim_sfun_registry.obj
 0001:00009b70       ssGetNumZcSignals          000000018000ab70 f   mainSim_sfun_registry.obj
 0001:00009be0       ssGetZcSignalVector        000000018000abe0 f   mainSim_sfun_registry.obj
 0001:00009c50       ssGetZcSignalZcEvents      000000018000ac50 f   mainSim_sfun_registry.obj
 0001:00009cc0       ssGetZcSignalName          000000018000acc0 f   mainSim_sfun_registry.obj
 0001:00009d30       ssGetZcSignalWidth         000000018000ad30 f   mainSim_sfun_registry.obj
 0001:00009da0       ssGetZcSignalZcEventType   000000018000ada0 f   mainSim_sfun_registry.obj
 0001:00009e10       ssGetZcSignalType          000000018000ae10 f   mainSim_sfun_registry.obj
 0001:00009e80       ssGetZcSignalZcTol         000000018000ae80 f   mainSim_sfun_registry.obj
 0001:00009f00       ssGetZcSignalNeedsEventNotification 000000018000af00 f   mainSim_sfun_registry.obj
 0001:00009f70       ssGetZcSignalIsZcElementDisc 000000018000af70 f   mainSim_sfun_registry.obj
 0001:0000a010       ssGetIsInputPortElementContinuous 000000018000b010 f   mainSim_sfun_registry.obj
 0001:0000a0b0       _ssGetInputPortSignalPtrsFcn 000000018000b0b0 f   mainSim_sfun_registry.obj
 0001:0000a370       _ssGetInputPortSignalFcn   000000018000b370 f   mainSim_sfun_registry.obj
 0001:0000a590       _ssSetInputPortDirectFeedThroughFcn 000000018000b590 f   mainSim_sfun_registry.obj
 0001:0000a6f0       _ssSetInputPortReusableFcn 000000018000b6f0 f   mainSim_sfun_registry.obj
 0001:0000a7e0       _ssSetOutputPortReusableFcn 000000018000b7e0 f   mainSim_sfun_registry.obj
 0001:0000a8c0       ssGetDTypeIdFromMxArray    000000018000b8c0 f   mainSim_sfun_registry.obj
 0001:0000a9e0       ssWriteRTWStr              000000018000b9e0 f   mainSim_sfun_registry.obj
 0001:0000aa40       ssWriteRTWMxVectParam      000000018000ba40 f   mainSim_sfun_registry.obj
 0001:0000aaa0       ssWriteRTWMx2dMatParam     000000018000baa0 f   mainSim_sfun_registry.obj
 0001:0000ab20       ssWriteRTWNameValuePair    000000018000bb20 f   mainSim_sfun_registry.obj
 0001:0000b010       ssWriteRTWParameters       000000018000c010 f   mainSim_sfun_registry.obj
 0001:0000b610       ssWriteRTWParamSettings    000000018000c610 f   mainSim_sfun_registry.obj
 0001:0000bce0       ssWriteRTWWorkVect         000000018000cce0 f   mainSim_sfun_registry.obj
 0001:0000c1e0       mexFunction                000000018000d1e0 f   mainSim_sfun_registry.obj
 0001:0000de20       ProcessMexSfunctionEveryCall 000000018000ee20 f   mainSim_sfun_registry.obj
 0001:0000df90       mainSim_initializer        000000018000ef90 f   mainSim_sfun.obj
 0001:0000dfa0       mainSim_terminator         000000018000efa0 f   mainSim_sfun.obj
 0001:0000dfb0       sf_mainSim_method_dispatcher 000000018000efb0 f   mainSim_sfun.obj
 0001:0000e000       sf_mainSim_process_check_sum_call 000000018000f000 f   mainSim_sfun.obj
 0001:0000e410       sf_mainSim_autoinheritance_info 000000018000f410 f   mainSim_sfun.obj
 0001:0000e580       sf_mainSim_get_eml_resolved_functions_info 000000018000f580 f   mainSim_sfun.obj
 0001:0000e6b0       mainSim_debug_initialize   000000018000f6b0 f   mainSim_sfun.obj
 0001:0000e720       mainSim_register_exported_symbols 000000018000f720 f   mainSim_sfun.obj
 0001:0000e730       load_mainSim_optimization_info 000000018000f730 f   mainSim_sfun.obj
 0001:0000e780       unload_mainSim_optimization_info 000000018000f780 f   mainSim_sfun.obj
 0001:0000e850       sf_mex_mx_is_numeric       000000018000f850 f   sfc_mex:sfc_mex.obj
 0001:0000e890       strcmp_ignore_ws           000000018000f890 f   sfc_mex:sfc_mex.obj
 0001:0000e9d0       sf_mex_duplicatearraysafe  000000018000f9d0 f   sfc_mex:sfc_mex.obj
 0001:0000eb30       sf_set_error_debugger_context_message_fcn 000000018000fb30 f   sfc_mex:sfc_mex.obj
 0001:0000eb40       sf_set_debugger_matlab_error_fcn 000000018000fb40 f   sfc_mex:sfc_mex.obj
 0001:0000eb70       sf_set_error_prefix_string 000000018000fb70 f   sfc_mex:sfc_mex.obj
 0001:0000eba0       sf_get_error_prefix_string 000000018000fba0 f   sfc_mex:sfc_mex.obj
 0001:0000ebb0       sf_mex_enter_parallel_region 000000018000fbb0 f   sfc_mex:sfc_mex.obj
 0001:0000ebc0       sf_mex_exit_parallel_region 000000018000fbc0 f   sfc_mex:sfc_mex.obj
 0001:0000ebd0       sf_get_current_jmp_buf_ptr 000000018000fbd0 f   sfc_mex:sfc_mex.obj
 0001:0000ebe0       sf_set_current_jmp_buf_ptr 000000018000fbe0 f   sfc_mex:sfc_mex.obj
 0001:0000ebf0       sf_mex_set_halt_simulation 000000018000fbf0 f   sfc_mex:sfc_mex.obj
 0001:0000ec00       sf_mex_get_halt_simulation 000000018000fc00 f   sfc_mex:sfc_mex.obj
 0001:0000ec10       sf_mex_clear_error_message 000000018000fc10 f   sfc_mex:sfc_mex.obj
 0001:0000ec30       sf_mex_get_error_message_for_read 000000018000fc30 f   sfc_mex:sfc_mex.obj
 0001:0000ec40       sf_mex_get_error_message_buffer_length 000000018000fc40 f   sfc_mex:sfc_mex.obj
 0001:0000ed20       sf_mex_warning_message     000000018000fd20 f   sfc_mex:sfc_mex.obj
 0001:0000ed90       sf_mex_v_errbuf_createf    000000018000fd90 f   sfc_mex:sfc_mex.obj
 0001:0000eda0       sf_mex_errbuf_createf      000000018000fda0 f   sfc_mex:sfc_mex.obj
 0001:0000edd0       sf_mex_v_errbuf_catf       000000018000fdd0 f   sfc_mex:sfc_mex.obj
 0001:0000ee10       sf_mex_errbuf_catf         000000018000fe10 f   sfc_mex:sfc_mex.obj
 0001:0000ee60       sf_mex_errbuf_copy         000000018000fe60 f   sfc_mex:sfc_mex.obj
 0001:0000ee70       sf_mex_errbuf_clear        000000018000fe70 f   sfc_mex:sfc_mex.obj
 0001:0000ee80       sf_mex_errbuf_isempty      000000018000fe80 f   sfc_mex:sfc_mex.obj
 0001:0000ef90       sf_mex_set_error_status    000000018000ff90 f   sfc_mex:sfc_mex.obj
 0001:0000efe0       sf_mex_error_direct_call   000000018000ffe0 f   sfc_mex:sfc_mex.obj
 0001:0000f000       sf_mex_error_message_no_long_jump 0000000180010000 f   sfc_mex:sfc_mex.obj
 0001:0000f020       sf_mex_long_jump_on_error  0000000180010020 f   sfc_mex:sfc_mex.obj
 0001:0000f050       sf_mex_call_matlab         0000000180010050 f   sfc_mex:sfc_mex.obj
 0001:0000f170       sf_mex_check_builtin       0000000180010170 f   sfc_mex:sfc_mex.obj
 0001:0000f1b0       sf_mex_check_builtin_vs    00000001800101b0 f   sfc_mex:sfc_mex.obj
 0001:0000f210       sf_mex_check_enum          0000000180010210 f   sfc_mex:sfc_mex.obj
 0001:0000f240       sf_mex_create_enum         0000000180010240 f   sfc_mex:sfc_mex.obj
 0001:0000f260       sf_mex_get_enum_element    0000000180010260 f   sfc_mex:sfc_mex.obj
 0001:0000f270       sf_mex_createcellarray     0000000180010270 f   sfc_mex:sfc_mex.obj
 0001:0000f280       sf_mex_setcell             0000000180010280 f   sfc_mex:sfc_mex.obj
 0001:0000f290       sf_mex_getcell             0000000180010290 f   sfc_mex:sfc_mex.obj
 0001:0000f2a0       sf_mex_dup                 00000001800102a0 f   sfc_mex:sfc_mex.obj
 0001:0000f2c0       sf_mex_assign              00000001800102c0 f   sfc_mex:sfc_mex.obj
 0001:0000f340       sf_mex_destroy             0000000180010340 f   sfc_mex:sfc_mex.obj
 0001:0000f370       mx_array_has_fi_type       0000000180010370 f   sfc_mex:sfc_mex.obj
 0001:0000f3a0       sf_mex_convert_from_fi     00000001800103a0 f   sfc_mex:sfc_mex.obj
 0001:0000f450       sf_mex_convert_to_double   0000000180010450 f   sfc_mex:sfc_mex.obj
 0001:0000f570       sf_mex_import_fi_vs        0000000180010570 f   sfc_mex:sfc_mex.obj
 0001:0000f730       sf_matrix_matrix_index_ok  0000000180010730 f   sfc_mex:sfc_mex.obj
 0001:0000f7c0       sf_vector_vector_index_ok  00000001800107c0 f   sfc_mex:sfc_mex.obj
 0001:0000f7f0       ssGetCurrentInputPortDimensions_wrapper 00000001800107f0 f   sfc_mex:sfc_mex.obj
 0001:0000f810       ssGetCurrentOutputPortDimensions_wrapper 0000000180010810 f   sfc_mex:sfc_mex.obj
 0001:0000f830       sf_mex_emlrt_context_is_debug_mode 0000000180010830 f   sfc_mex:sfc_mex.obj
 0001:0000f840       sf_mex_emlrt_context_set_debug_mode 0000000180010840 f   sfc_mex:sfc_mex.obj
 0001:0000f8b0       sf_clear_error_manager_info 00000001800108b0 f   sfc_mex:sfc_mex.obj
 0001:0000f910       sf_mex_stop_simulation_abruptly_wo_error 0000000180010910 f   sfc_mex:sfc_mex.obj
 0001:0000f950       sf_mex_error_message       0000000180010950 f   sfc_mex:sfc_mex.obj
 0001:0000f9b0       sf_react_to_error_in_matlab_call 00000001800109b0 f   sfc_mex:sfc_mex.obj
 0001:0000f9e0       sf_mex_addfield            00000001800109e0 f   sfc_mex:sfc_mex.obj
 0001:0000fa80       sf_mex_getfield            0000000180010a80 f   sfc_mex:sfc_mex.obj
 0001:0000fd80       sf_mex_check_class         0000000180010d80 f   sfc_mex:sfc_mex.obj
 0001:0000fe70       sf_mex_is_real             0000000180010e70 f   sfc_mex:sfc_mex.obj
 0001:000102e0       sf_mex_decode_encoded_mx_struct_array 00000001800112e0 f   sfc_mex:sfc_mex.obj
 0001:000105c0       sf_mex_lw_bounds_check     00000001800115c0 f   sfc_mex:sfc_mex.obj
 0001:000105f0       sf_mex_lw_size_eq_check_1d 00000001800115f0 f   sfc_mex:sfc_mex.obj
 0001:00010610       sf_mex_lw_size_eq_check_nd 0000000180011610 f   sfc_mex:sfc_mex.obj
 0001:000107f0       sf_mex_lw_dim_size_eq_check 00000001800117f0 f   sfc_mex:sfc_mex.obj
 0001:00010820       sf_mex_lw_dim_size_geq_check 0000000180011820 f   sfc_mex:sfc_mex.obj
 0001:00010850       sf_mex_lw_sub_assign_size_check_nd 0000000180011850 f   sfc_mex:sfc_mex.obj
 0001:00010a80       sf_mex_lw_runtime_error_msgid 0000000180011a80 f   sfc_mex:sfc_mex.obj
 0001:00010b70       sf_mex_lw_matrix_matrix_index_check 0000000180011b70 f   sfc_mex:sfc_mex.obj
 0001:00010b90       sf_mex_lw_vector_vector_index_check 0000000180011b90 f   sfc_mex:sfc_mex.obj
 0001:00010bd0       sf_mex_lw_for_loop_vector_check 0000000180011bd0 f   sfc_mex:sfc_mex.obj
 0001:00010c50       sf_mex_lw_non_negative_check 0000000180011c50 f   sfc_mex:sfc_mex.obj
 0001:00010c90       sf_mex_overflow_error      0000000180011c90 f   sfc_mex:sfc_mex.obj
 0001:00010ca0       sf_mex_dividebyzero_error  0000000180011ca0 f   sfc_mex:sfc_mex.obj
 0001:00010cb0       sf_mex_unsafe_enum_error   0000000180011cb0 f   sfc_mex:sfc_mex.obj
 0001:00010cc0       sf_emlrtErrHandler         0000000180011cc0 f   sfc_mex:sfc_mex.obj
 0001:00010da0       sf_mex_printf              0000000180011da0 f   sfc_mex:sfc_mex.obj
 0001:00010f70       sf_mex_check_size          0000000180011f70 f   sfc_mex:sfc_mex.obj
 0001:00011240       sf_mex_check_struct        0000000180012240 f   sfc_mex:sfc_mex.obj
 0001:000114a0       sf_mex_check_struct_vs     00000001800124a0 f   sfc_mex:sfc_mex.obj
 0001:00011530       sf_mex_check_fi            0000000180012530 f   sfc_mex:sfc_mex.obj
 0001:00011630       sf_mex_check_fi_vs         0000000180012630 f   sfc_mex:sfc_mex.obj
 0001:000116d0       sf_echo_expression         00000001800126d0 f   sfc_mex:sfc_mex.obj
 0001:00011730       sf_assertion_failed        0000000180012730 f   sfc_mex:sfc_mex.obj
 0001:00011a10       sf_mex_evalin              0000000180012a10 f   sfc_mex:sfc_mex.obj
 0001:00011c80       sf_mex_export              0000000180012c80 f   sfc_mex:sfc_mex.obj
 0001:00011d40       sf_mex_get_ml_var_no_error 0000000180012d40 f   sfc_mex:sfc_mex.obj
 0001:00011ee0       sf_mex_get_ml_var          0000000180012ee0 f   sfc_mex:sfc_mex.obj
 0001:00012380       ml_set_element_value_in_array 0000000180013380 f   sfc_mex:sfc_mex.obj
 0001:00013a50       sf_mex_call_impl           0000000180014a50 f   sfc_mex:sfc_mex.obj
 0001:00013f80       sf_mex_call_debug          0000000180014f80 f   sfc_mex:sfc_mex.obj
 0001:00013fb0       sf_mex_call                0000000180014fb0 f   sfc_mex:sfc_mex.obj
 0001:00014600       sf_mex_createstruct        0000000180015600 f   sfc_mex:sfc_mex.obj
 0001:000146f0       sf_mex_createstructarray   00000001800156f0 f   sfc_mex:sfc_mex.obj
 0001:00014770       sf_mex_get_mx_datatype_from_sf_datatype 0000000180015770 f   sfc_mex:sfc_mex.obj
 0001:00014a80       sf_mex_ml_var_sub          0000000180015a80 f   sfc_mex:sfc_mex.obj
 0001:00014c50       sf_mex_ml_var_subsasgn     0000000180015c50 f   sfc_mex:sfc_mex.obj
 0001:00015040       sf_mex_sub                 0000000180016040 f   sfc_mex:sfc_mex.obj
 0001:00015240       sf_mex_subsasgn            0000000180016240 f   sfc_mex:sfc_mex.obj
 0001:00015720       sf_mex_create              0000000180016720 f   sfc_mex:sfc_mex.obj
 0001:00016170       sf_mex_import_named        0000000180017170 f   sfc_mex:sfc_mex.obj
 0001:000161d0       sf_mex_import              00000001800171d0 f   sfc_mex:sfc_mex.obj
 0001:00016220       sf_mex_import_vs           0000000180017220 f   sfc_mex:sfc_mex.obj
 0001:00016330       sf_mex_lower_fixpt_mx_array 0000000180017330 f   sfc_mex:sfc_mex.obj
 0001:00016620       sf_send_message_wrapper    0000000180017620 f   sfc_mex:sfc_sf.obj
 0001:00016650       sf_receive_message_wrapper 0000000180017650 f   sfc_mex:sfc_sf.obj
 0001:00016690       sf_check_out_message_wrapper 0000000180017690 f   sfc_mex:sfc_sf.obj
 0001:000166d0       sf_check_in_message_wrapper 00000001800176d0 f   sfc_mex:sfc_sf.obj
 0001:00016710       sf_no_message_wrapper      0000000180017710 f   sfc_mex:sfc_sf.obj
 0001:00016a50       sim_mode_is_rtw_gen        0000000180017a50 f   sfc_mex:sfc_sf.obj
 0001:00016a80       sim_mode_is_external       0000000180017a80 f   sfc_mex:sfc_sf.obj
 0001:00016a90       sim_mode_is_modelref_sim   0000000180017a90 f   sfc_mex:sfc_sf.obj
 0001:00016ab0       mdlInitializeSizes         0000000180017ab0 f   sfc_mex:sfc_sf.obj
 0001:00016ad0       mdlInitializeSampleTimes   0000000180017ad0 f   sfc_mex:sfc_sf.obj
 0001:00016b10       mdlZeroCrossings           0000000180017b10 f   sfc_mex:sfc_sf.obj
 0001:00016bf0       mdlDerivatives             0000000180017bf0 f   sfc_mex:sfc_sf.obj
 0001:00016ca0       mdl_initialize_conditions_processing 0000000180017ca0 f   sfc_mex:sfc_sf.obj
 0001:00016cd0       mdlInitializeConditions    0000000180017cd0 f   sfc_mex:sfc_sf.obj
 0001:00016d90       mdlGetSimState             0000000180017d90 f   sfc_mex:sfc_sf.obj
 0001:00016da0       mdlSetSimState             0000000180017da0 f   sfc_mex:sfc_sf.obj
 0001:00016db0       mdl_ext_mode_exec_processing 0000000180017db0 f   sfc_mex:sfc_sf.obj
 0001:00016dd0       mdlExtModeExec             0000000180017dd0 f   sfc_mex:sfc_sf.obj
 0001:00016f60       mdlTerminate               0000000180017f60 f   sfc_mex:sfc_sf.obj
 0001:00016fd0       mdlRTW                     0000000180017fd0 f   sfc_mex:sfc_sf.obj
 0001:00017000       mdlSetWorkWidths           0000000180018000 f   sfc_mex:sfc_sf.obj
 0001:00017010       mdlProcessParameters       0000000180018010 f   sfc_mex:sfc_sf.obj
 0001:00017020       mdl_start_processing       0000000180018020 f   sfc_mex:sfc_sf.obj
 0001:00017060       mdlStart                   0000000180018060 f   sfc_mex:sfc_sf.obj
 0001:00017150       mdlEnable                  0000000180018150 f   sfc_mex:sfc_sf.obj
 0001:00017220       mdlDisable                 0000000180018220 f   sfc_mex:sfc_sf.obj
 0001:000172d0       sf_get_chart_instance_ptr  00000001800182d0 f   sfc_mex:sfc_sf.obj
 0001:000172f0       sf_load_rtw_optimization_info 00000001800182f0 f   sfc_mex:sfc_sf.obj
 0001:000173c0       sf_rtw_info_uint_prop      00000001800183c0 f   sfc_mex:sfc_sf.obj
 0001:00017510       sf_is_chart_inlinable      0000000180018510 f   sfc_mex:sfc_sf.obj
 0001:00017520       sf_mark_output_events_with_multiple_callers 0000000180018520 f   sfc_mex:sfc_sf.obj
 0001:000176a0       sf_mark_chart_reusable_outputs 00000001800186a0 f   sfc_mex:sfc_sf.obj
 0001:000178e0       sf_mark_chart_expressionable_inputs 00000001800188e0 f   sfc_mex:sfc_sf.obj
 0001:00017b40       sf_get_subchart_simstruct  0000000180018b40 f   sfc_mex:sfc_sf.obj
 0001:00017b90       sf_get_fixpt_data_type_id  0000000180018b90 f   sfc_mex:sfc_sf.obj
 0001:00017bd0       sf_get_enum_data_type_id   0000000180018bd0 f   sfc_mex:sfc_sf.obj
 0001:00017c10       sf_get_param_data_type_id  0000000180018c10 f   sfc_mex:sfc_sf.obj
 0001:00017c40       sf_mex_listen_for_ctrl_c_force 0000000180018c40 f   sfc_mex:sfc_sf.obj
 0001:00017d50       sf_mex_draw_now            0000000180018d50 f   sfc_mex:sfc_sf.obj
 0001:00017d90       sf_mex_set_debugger_sim_status_listener_fcn 0000000180018d90 f   sfc_mex:sfc_sf.obj
 0001:00017da0       sf_mex_listen_for_ctrl_c   0000000180018da0 f   sfc_mex:sfc_sf.obj
 0001:00017e30       sf_mex_get_sfun_param      0000000180018e30 f   sfc_mex:sfc_sf.obj
 0001:00017e80       sf_get_runtime_param_data  0000000180018e80 f   sfc_mex:sfc_sf.obj
 0001:00017ec0       sf_call_output_fcn_call    0000000180018ec0 f   sfc_mex:sfc_sf.obj
 0001:00018000       sf_call_output_fcn_enable  0000000180019000 f   sfc_mex:sfc_sf.obj
 0001:00018090       sf_call_output_fcn_disable 0000000180019090 f   sfc_mex:sfc_sf.obj
 0001:00018120       sf_clear_rtw_identifier    0000000180019120 f   sfc_mex:sfc_sf.obj
 0001:00018910       sf_set_encoded_dwork_info  0000000180019910 f   sfc_mex:sfc_sf.obj
 0001:00018960       sf_get_dwork_info_from_mat_file 0000000180019960 f   sfc_mex:sfc_sf.obj
 0001:00018b20       sf_set_rtw_dwork_info      0000000180019b20 f   sfc_mex:sfc_sf.obj
 0001:00018c70       mdlOutputs                 0000000180019c70 f   sfc_mex:sfc_sf.obj
 0001:00018e10       sf_debug_disp              0000000180019e10 f   sfc_debug:sfcdebug.obj
 0001:00019070       sf_debug_data_runtime_size_mismatch_error_check 000000018001a070 f   sfc_debug:sfcdebug.obj
 0001:00019110       sf_debug_try_loading_machine 000000018001a110 f   sfc_debug:sfcdebug.obj
 0001:00019210       sf_debug_reset_current_state_configuration 000000018001a210 f   sfc_debug:sfcdebug.obj
 0001:000192a0       sf_debug_store_current_state_configuration 000000018001a2a0 f   sfc_debug:sfcdebug.obj
 0001:00019330       sf_debug_restore_previous_state_configuration 000000018001a330 f   sfc_debug:sfcdebug.obj
 0001:000193c0       sf_debug_restore_previous_state_configuration2 000000018001a3c0 f   sfc_debug:sfcdebug.obj
 0001:00019450       sf_debug_get_event_scope   000000018001a450 f   sfc_debug:sfcdebug.obj
 0001:000195c0       use_debugger_step_animation 000000018001a5c0 f   sfc_debug:sfcdebug.obj
 0001:000195e0       sf_debug_get_script_id     000000018001a5e0 f   sfc_debug:sfcdebug.obj
 0001:00019670       sf_debug_set_script_translation 000000018001a670 f   sfc_debug:sfcdebug.obj
 0001:00019730       sf_debug_get_current_machine_id 000000018001a730 f   sfc_debug:sfcdebug.obj
 0001:00019750       sf_debug_get_current_optional_integer 000000018001a750 f   sfc_debug:sfcdebug.obj
 0001:00019760       sf_debug_get_current_machine_number 000000018001a760 f   sfc_debug:sfcdebug.obj
 0001:00019780       sf_debug_get_current_machine_name 000000018001a780 f   sfc_debug:sfcdebug.obj
 0001:000197a0       sf_debug_get_current_chart_id 000000018001a7a0 f   sfc_debug:sfcdebug.obj
 0001:000197f0       sf_debug_get_current_chart_number 000000018001a7f0 f   sfc_debug:sfcdebug.obj
 0001:00019800       sf_debug_get_current_instance_number 000000018001a800 f   sfc_debug:sfcdebug.obj
 0001:00019810       sf_debug_get_current_is_minor_time_step 000000018001a810 f   sfc_debug:sfcdebug.obj
 0001:00019890       sf_debug_get_current_object_type 000000018001a890 f   sfc_debug:sfcdebug.obj
 0001:000198a0       sf_debug_get_current_instance_handle 000000018001a8a0 f   sfc_debug:sfcdebug.obj
 0001:00019900       sf_debug_get_current_event_type 000000018001a900 f   sfc_debug:sfcdebug.obj
 0001:00019910       sf_debug_get_current_object_id 000000018001a910 f   sfc_debug:sfcdebug.obj
 0001:00019950       sf_debug_get_current_active_event_type 000000018001a950 f   sfc_debug:sfcdebug.obj
 0001:00019960       sf_debug_get_current_active_event_id 000000018001a960 f   sfc_debug:sfcdebug.obj
 0001:000199a0       sf_debug_get_current_tag_type 000000018001a9a0 f   sfc_debug:sfcdebug.obj
 0001:000199b0       sf_debug_get_current_simulation_time 000000018001a9b0 f   sfc_debug:sfcdebug.obj
 0001:000199c0       sf_debug_get_current_coverage_percentage 000000018001a9c0 f   sfc_debug:sfcdebug.obj
 0001:000199d0       sf_debug_current_statement_context 000000018001a9d0 f   sfc_debug:sfcdebug.obj
 0001:00019a60       sf_debug_get_current_statement_info 000000018001aa60 f   sfc_debug:sfcdebug.obj
 0001:00019be0       sf_debug_terminate_instance 000000018001abe0 f   sfc_debug:sfcdebug.obj
 0001:00019ef0       sf_debug_assertion_failed  000000018001aef0 f   sfc_debug:sfcdebug.obj
 0001:0001a0a0       sf_debug_set_number_of_data_with_change_event_for_machine 000000018001b0a0 f   sfc_debug:sfcdebug.obj
 0001:0001a0e0       sf_debug_set_machine_event_thresholds 000000018001b0e0 f   sfc_debug:sfcdebug.obj
 0001:0001a100       sf_debug_set_machine_event_scope 000000018001b100 f   sfc_debug:sfcdebug.obj
 0001:0001a140       sf_debug_set_machine_data_thresholds 000000018001b140 f   sfc_debug:sfcdebug.obj
 0001:0001a180       sf_debug_set_machine_data_scope 000000018001b180 f   sfc_debug:sfcdebug.obj
 0001:0001a210       sf_debug_set_machine_data_name 000000018001b210 f   sfc_debug:sfcdebug.obj
 0001:0001a2b0       sf_debug_set_machine_data_size 000000018001b2b0 f   sfc_debug:sfcdebug.obj
 0001:0001a3f0       sf_debug_set_machine_data_type 000000018001b3f0 f   sfc_debug:sfcdebug.obj
 0001:0001a560       sf_debug_get_chart_data_number 000000018001b560 f   sfc_debug:sfcdebug.obj
 0001:0001a580       sf_debug_get_chart_event_number 000000018001b580 f   sfc_debug:sfcdebug.obj
 0001:0001a5a0       sf_debug_set_chart_state_info 000000018001b5a0 f   sfc_debug:sfcdebug.obj
 0001:0001a620       sf_debug_set_chart_decomposition 000000018001b620 f   sfc_debug:sfcdebug.obj
 0001:0001a690       sf_debug_set_chart_substate_count 000000018001b690 f   sfc_debug:sfcdebug.obj
 0001:0001a770       sf_debug_set_chart_substate_index 000000018001b770 f   sfc_debug:sfcdebug.obj
 0001:0001a7e0       sf_debug_set_chart_state_substate_count 000000018001b7e0 f   sfc_debug:sfcdebug.obj
 0001:0001a8f0       sf_debug_set_chart_state_substate_index 000000018001b8f0 f   sfc_debug:sfcdebug.obj
 0001:0001a970       sf_debug_set_number_of_data_with_change_event_for_chart 000000018001b970 f   sfc_debug:sfcdebug.obj
 0001:0001a9f0       sf_debug_set_number_of_states_with_entry_event_for_chart 000000018001b9f0 f   sfc_debug:sfcdebug.obj
 0001:0001aa60       sf_debug_set_number_of_states_with_exit_event_for_chart 000000018001ba60 f   sfc_debug:sfcdebug.obj
 0001:0001aad0       sf_debug_set_chart_disable_implicit_casting 000000018001bad0 f   sfc_debug:sfcdebug.obj
 0001:0001ab40       sf_debug_set_chart_event_thresholds 000000018001bb40 f   sfc_debug:sfcdebug.obj
 0001:0001abb0       sf_debug_set_chart_data_compiled_props 000000018001bbb0 f   sfc_debug:sfcdebug.obj
 0001:0001af00       sf_debug_set_chart_data_props 000000018001bf00 f   sfc_debug:sfcdebug.obj
 0001:0001b220       sf_debug_check_fi_license  000000018001c220 f   sfc_debug:sfcdebug.obj
 0001:0001b410       sf_debug_symbol_scope_push 000000018001c410 f   sfc_debug:sfcdebug.obj
 0001:0001b450       sf_debug_symbol_scope_push_eml 000000018001c450 f   sfc_debug:sfcdebug.obj
 0001:0001b4a0       sf_debug_symbol_scope_pop  000000018001c4a0 f   sfc_debug:sfcdebug.obj
 0001:0001b4e0       sf_debug_symbol_scope_add_importable 000000018001c4e0 f   sfc_debug:sfcdebug.obj
 0001:0001b560       sf_debug_symbol_scope_add  000000018001c560 f   sfc_debug:sfcdebug.obj
 0001:0001b5e0       sf_debug_symbol_scope_add_dyn_importable 000000018001c5e0 f   sfc_debug:sfcdebug.obj
 0001:0001b6a0       sf_debug_symbol_scope_add_dyn 000000018001c6a0 f   sfc_debug:sfcdebug.obj
 0001:0001b6d0       sf_debug_symbol_scope_add_eml_importable 000000018001c6d0 f   sfc_debug:sfcdebug.obj
 0001:0001b710       sf_debug_symbol_scope_add_eml 000000018001c710 f   sfc_debug:sfcdebug.obj
 0001:0001b750       sf_debug_symbol_scope_add_eml_dyn_importable 000000018001c750 f   sfc_debug:sfcdebug.obj
 0001:0001b7c0       sf_debug_symbol_scope_add_eml_dyn 000000018001c7c0 f   sfc_debug:sfcdebug.obj
 0001:0001b820       sf_debug_symbol_switch     000000018001c820 f   sfc_debug:sfcdebug.obj
 0001:0001b840       sf_debug_symbol_scope_add_verbose 000000018001c840 f   sfc_debug:sfcdebug.obj
 0001:0001b910       sf_debug_set_machine_data_value_ptr 000000018001c910 f   sfc_debug:sfcdebug.obj
 0001:0001b950       sf_debug_set_instance_data_value_ptr 000000018001c950 f   sfc_debug:sfcdebug.obj
 0001:0001ba10       sf_debug_unset_instance_data_value_ptr 000000018001ca10 f   sfc_debug:sfcdebug.obj
 0001:0001bac0       sf_debug_set_chart_event_scope 000000018001cac0 f   sfc_debug:sfcdebug.obj
 0001:0001bb40       sf_debug_set_chart_transition_coverage_maps 000000018001cb40 f   sfc_debug:sfcdebug.obj
 0001:0001bc50       sf_debug_set_chart_state_coverage_maps 000000018001cc50 f   sfc_debug:sfcdebug.obj
 0001:0001bd30       sf_debug_set_instance_transition_coverage_weights 000000018001cd30 f   sfc_debug:sfcdebug.obj
 0001:0001bdd0       sf_debug_set_instance_state_coverage_weights 000000018001cdd0 f   sfc_debug:sfcdebug.obj
 0001:0001c020       sf_debug_unload_machine    000000018001d020 f   sfc_debug:sfcdebug.obj
 0001:0001c070       sf_debug_load_machine      000000018001d070 f   sfc_debug:sfcdebug.obj
 0001:0001c170       sf_debug_set_active_instance_in_data_dictionary 000000018001d170 f   sfc_debug:sfcdebug.obj
 0001:0001c350       sf_debug_set_active_instance 000000018001d350 f   sfc_debug:sfcdebug.obj
 0001:0001c490       sf_debug_chart_visiblity_change 000000018001d490 f   sfc_debug:sfcdebug.obj
 0001:0001c570       sf_debug_select_chart      000000018001d570 f   sfc_debug:sfcdebug.obj
 0001:0001c640       sf_debug_set_instance_cv_ids 000000018001d640 f   sfc_debug:sfcdebug.obj
 0001:0001c950       sf_debug_select_charts     000000018001d950 f   sfc_debug:sfcdebug.obj
 0001:0001ca90       sf_debug_initialized       000000018001da90 f   sfc_debug:sfcdebug.obj
 0001:0001caa0       sf_debug_is_uninterruptible 000000018001daa0 f   sfc_debug:sfcdebug.obj
 0001:0001cad0       sf_debug_initialize_debugger_gui 000000018001dad0 f   sfc_debug:sfcdebug.obj
 0001:0001cec0       sf_debug_resume            000000018001dec0 f   sfc_debug:sfcdebug.obj
 0001:0001cee0       sf_debug_go                000000018001dee0 f   sfc_debug:sfcdebug.obj
 0001:0001cef0       sf_debug_break             000000018001def0 f   sfc_debug:sfcdebug.obj
 0001:0001cf00       sf_debug_step_over         000000018001df00 f   sfc_debug:sfcdebug.obj
 0001:0001cf10       sf_debug_step_out          000000018001df10 f   sfc_debug:sfcdebug.obj
 0001:0001cf20       sf_debug_set_disable_all_breakpoints 000000018001df20 f   sfc_debug:sfcdebug.obj
 0001:0001cf30       sf_debug_disable_all_breakpoints_and_go 000000018001df30 f   sfc_debug:sfcdebug.obj
 0001:0001cf40       sf_debug_break_on_chart_entry 000000018001df40 f   sfc_debug:sfcdebug.obj
 0001:0001cf50       sf_debug_break_on_event_broadcast 000000018001df50 f   sfc_debug:sfcdebug.obj
 0001:0001cf60       sf_debug_break_on_state_entry 000000018001df60 f   sfc_debug:sfcdebug.obj
 0001:0001cf70       sf_debug_break_between_times 000000018001df70 f   sfc_debug:sfcdebug.obj
 0001:0001cf90       sf_debug_browse_data       000000018001df90 f   sfc_debug:sfcdebug.obj
 0001:0001cfb0       sf_debug_watch_data        000000018001dfb0 f   sfc_debug:sfcdebug.obj
 0001:0001cfd0       sf_debug_assign_data       000000018001dfd0 f   sfc_debug:sfcdebug.obj
 0001:0001cff0       sf_debug_whos              000000018001dff0 f   sfc_debug:sfcdebug.obj
 0001:0001d010       sf_debug_get_consistency_info 000000018001e010 f   sfc_debug:sfcdebug.obj
 0001:0001d020       sf_debug_browse_trace      000000018001e020 f   sfc_debug:sfcdebug.obj
 0001:0001d030       sf_debug_set_breakpoints   000000018001e030 f   sfc_debug:sfcdebug.obj
 0001:0001d190       sf_debug_set_eml_breakpoints 000000018001e190 f   sfc_debug:sfcdebug.obj
 0001:0001d2f0       sf_debug_set_script_breakpoints 000000018001e2f0 f   sfc_debug:sfcdebug.obj
 0001:0001d370       sf_debug_add_script_breakpoints 000000018001e370 f   sfc_debug:sfcdebug.obj
 0001:0001d3e0       sf_debug_clear_script_breakpoints 000000018001e3e0 f   sfc_debug:sfcdebug.obj
 0001:0001d450       sf_debug_query_script_breakpoints 000000018001e450 f   sfc_debug:sfcdebug.obj
 0001:0001d510       sf_debug_get_eml_script_id 000000018001e510 f   sfc_debug:sfcdebug.obj
 0001:0001d560       sf_debug_set_watch         000000018001e560 f   sfc_debug:sfcdebug.obj
 0001:0001d790       sf_debug_get_instance_handle 000000018001e790 f   sfc_debug:sfcdebug.obj
 0001:0001d820       sf_debug_get_active_states 000000018001e820 f   sfc_debug:sfcdebug.obj
 0001:0001d830       sf_debug_get_animation     000000018001e830 f   sfc_debug:sfcdebug.obj
 0001:0001d840       sf_debug_set_animation     000000018001e840 f   sfc_debug:sfcdebug.obj
 0001:0001d850       sf_debug_animate           000000018001e850 f   sfc_debug:sfcdebug.obj
 0001:0001d880       sf_debug_cycle_detection_check 000000018001e880 f   sfc_debug:sfcdebug.obj
 0001:0001d890       sf_debug_data_range_check  000000018001e890 f   sfc_debug:sfcdebug.obj
 0001:0001d8a0       sf_debug_transition_conflict_check 000000018001e8a0 f   sfc_debug:sfcdebug.obj
 0001:0001d8b0       sf_debug_state_consistency_check 000000018001e8b0 f   sfc_debug:sfcdebug.obj
 0001:0001d8c0       sf_debug_data_range_check_enabled 000000018001e8c0 f   sfc_debug:sfcdebug.obj
 0001:0001d8e0       sf_debug_transition_conflict_check_enabled 000000018001e8e0 f   sfc_debug:sfcdebug.obj
 0001:0001d900       sf_debug_transition_conflict_check_begin 000000018001e900 f   sfc_debug:sfcdebug.obj
 0001:0001d920       sf_debug_transition_conflict_check_end 000000018001e920 f   sfc_debug:sfcdebug.obj
 0001:0001d940       sf_debug_stop_debugging    000000018001e940 f   sfc_debug:sfcdebug.obj
 0001:0001d970       sf_debug_is_cycle_detected 000000018001e970 f   sfc_debug:sfcdebug.obj
 0001:0001d980       sf_debug_is_array_bounds_detected 000000018001e980 f   sfc_debug:sfcdebug.obj
 0001:0001d990       sf_debug_get_state_vectors_data_size 000000018001e990 f   sfc_debug:sfcdebug.obj
 0001:0001d9d0       sf_debug_get_state_vectors_data 000000018001e9d0 f   sfc_debug:sfcdebug.obj
 0001:0001dad0       sf_debug_set_state_vectors_data 000000018001ead0 f   sfc_debug:sfcdebug.obj
 0001:0001dd90       sf_debug_get_script_index  000000018001ed90 f   sfc_debug:sfcdebug.obj
 0001:0001df20       sf_debug_add_script        000000018001ef20 f   sfc_debug:sfcdebug.obj
 0001:0001e0b0       cv_eval_point              000000018001f0b0 f   sfc_debug:sfcdebug.obj
 0001:0001e220       sf_debug_cv_init_state     000000018001f220 f   sfc_debug:sfcdebug.obj
 0001:0001e340       sf_debug_cv_init_chart     000000018001f340 f   sfc_debug:sfcdebug.obj
 0001:0001e420       sf_debug_cv_init_trans     000000018001f420 f   sfc_debug:sfcdebug.obj
 0001:0001e600       cv_eml_init_script         000000018001f600 f   sfc_debug:sfcdebug.obj
 0001:0001e700       cv_eml_init_fcn            000000018001f700 f   sfc_debug:sfcdebug.obj
 0001:0001e7b0       cv_eml_init_testobjective  000000018001f7b0 f   sfc_debug:sfcdebug.obj
 0001:0001e880       cv_eml_init_if             000000018001f880 f   sfc_debug:sfcdebug.obj
 0001:0001e950       cv_eml_init_for            000000018001f950 f   sfc_debug:sfcdebug.obj
 0001:0001ea10       cv_eml_init_while          000000018001fa10 f   sfc_debug:sfcdebug.obj
 0001:0001ead0       cv_eml_init_mcdc           000000018001fad0 f   sfc_debug:sfcdebug.obj
 0001:0001ebe0       cv_eml_init_switch         000000018001fbe0 f   sfc_debug:sfcdebug.obj
 0001:0001ecd0       cv_eml_eval                000000018001fcd0 f   sfc_debug:sfcdebug.obj
 0001:0001edb0       sf_debug_bm_is_a_eml_breakpoint 000000018001fdb0 f   sfc_debug:sfcdebug.obj
 0001:0001ef00       sf_debug_temporal_threshold 000000018001ff00 f   sfc_debug:sfcdebug.obj
 0001:0001f260       sf_debug_transition_conflict_error 0000000180020260 f   sfc_debug:sfcdebug.obj
 0001:0001f5e0       sf_debug_state_inconsistency_error 00000001800205e0 f   sfc_debug:sfcdebug.obj
 0001:0001f700       sf_debug_check_for_state_inconsistency 0000000180020700 f   sfc_debug:sfcdebug.obj
 0001:0001f730       sf_debug_cycle_detecton_error 0000000180020730 f   sfc_debug:sfcdebug.obj
 0001:0001ff20       sf_debug_size_eq_check_1d  0000000180020f20 f   sfc_debug:sfcdebug.obj
 0001:0001ff40       sf_debug_size_eq_check_nd  0000000180020f40 f   sfc_debug:sfcdebug.obj
 0001:00020120       sf_debug_dim_size_eq_check 0000000180021120 f   sfc_debug:sfcdebug.obj
 0001:00020150       sf_debug_dim_size_geq_check 0000000180021150 f   sfc_debug:sfcdebug.obj
 0001:00020180       sf_debug_sub_assign_size_check_nd 0000000180021180 f   sfc_debug:sfcdebug.obj
 0001:000203c0       sf_debug_matrix_matrix_index_check 00000001800213c0 f   sfc_debug:sfcdebug.obj
 0001:000203f0       sf_debug_vector_vector_index_check 00000001800213f0 f   sfc_debug:sfcdebug.obj
 0001:00020420       sf_debug_for_loop_vector_check 0000000180021420 f   sfc_debug:sfcdebug.obj
 0001:000204a0       sf_debug_runtime_error_msgid 00000001800214a0 f   sfc_debug:sfcdebug.obj
 0001:00020530       sf_debug_data_array_bounds_error_check 0000000180021530 f   sfc_debug:sfcdebug.obj
 0001:00020640       sf_debug_eml_data_array_bounds_error_check 0000000180021640 f   sfc_debug:sfcdebug.obj
 0001:00020b20       sf_debug_integer_check     0000000180021b20 f   sfc_debug:sfcdebug.obj
 0001:00020c00       sf_debug_not_nan_check     0000000180021c00 f   sfc_debug:sfcdebug.obj
 0001:00020cc0       sf_debug_non_negative_check 0000000180021cc0 f   sfc_debug:sfcdebug.obj
 0001:00020d80       sf_debug_overflow_detection 0000000180021d80 f   sfc_debug:sfcdebug.obj
 0001:00021470       sf_debug_cast_to_real32_T  0000000180022470 f   sfc_debug:sfcdebug.obj
 0001:00021530       sf_debug_cast_to_int8_T    0000000180022530 f   sfc_debug:sfcdebug.obj
 0001:000215f0       sf_debug_cast_to_uint8_T   00000001800225f0 f   sfc_debug:sfcdebug.obj
 0001:000216b0       sf_debug_cast_to_int16_T   00000001800226b0 f   sfc_debug:sfcdebug.obj
 0001:00021770       sf_debug_cast_to_uint16_T  0000000180022770 f   sfc_debug:sfcdebug.obj
 0001:00021830       sf_debug_cast_to_int32_T   0000000180022830 f   sfc_debug:sfcdebug.obj
 0001:000218f0       sf_debug_cast_to_uint32_T  00000001800228f0 f   sfc_debug:sfcdebug.obj
 0001:000219b0       sf_debug_data_range_error  00000001800229b0 f   sfc_debug:sfcdebug.obj
 0001:00021d00       sf_debug_read_before_write_check 0000000180022d00 f   sfc_debug:sfcdebug.obj
 0001:000220f0       sf_debug_data_range_error_wrapper_min_max 00000001800230f0 f   sfc_debug:sfcdebug.obj
 0001:000221e0       sf_debug_data_range_error_wrapper_min 00000001800231e0 f   sfc_debug:sfcdebug.obj
 0001:000222c0       sf_debug_data_range_error_wrapper_max 00000001800232c0 f   sfc_debug:sfcdebug.obj
 0001:000223a0       sf_debug_data_range_wrapper 00000001800233a0 f   sfc_debug:sfcdebug.obj
 0001:00022450       sf_debug_set_current_status_info 0000000180023450 f   sfc_debug:sfcdebug.obj
 0001:00022800       sf_debug_call              0000000180023800 f   sfc_debug:sfcdebug.obj
 0001:000236c0       sf_debug_initialize_machine 00000001800246c0 f   sfc_debug:sfcdebug.obj
 0001:000239d0       sf_debug_initialize_chart  00000001800249d0 f   sfc_debug:sfcdebug.obj
 0001:00023eb0       sf_debug_ensure_script     0000000180024eb0 f   sfc_debug:sfcdebug.obj
 0001:00023f70       cv_script_init_script      0000000180024f70 f   sfc_debug:sfcdebug.obj
 0001:00024050       cv_script_init_fcn         0000000180025050 f   sfc_debug:sfcdebug.obj
 0001:00024100       cv_script_init_testobjective 0000000180025100 f   sfc_debug:sfcdebug.obj
 0001:000241b0       cv_script_init_if          00000001800251b0 f   sfc_debug:sfcdebug.obj
 0001:00024260       cv_script_init_for         0000000180025260 f   sfc_debug:sfcdebug.obj
 0001:00024310       cv_script_init_while       0000000180025310 f   sfc_debug:sfcdebug.obj
 0001:000243c0       cv_script_init_mcdc        00000001800253c0 f   sfc_debug:sfcdebug.obj
 0001:000244c0       cv_script_init_switch      00000001800254c0 f   sfc_debug:sfcdebug.obj
 0001:000245a0       cv_script_eval             00000001800255a0 f   sfc_debug:sfcdebug.obj
 0001:00024680       eml_debug_line_call        0000000180025680 f   sfc_debug:sfcdebug.obj
 0001:00024830       sf_debug_terminate         0000000180025830 f   sfc_debug:sfcdebug.obj
 0001:000249a0       sf_debug_set_script_cv_ids 00000001800259a0 f   sfc_debug:sfcdebug.obj
 0001:00024b70       sf_debug_api               0000000180025b70 f   sfc_debug:sfc_api.obj
 0001:00026320       sf_debug_sm_terminate      0000000180027320 f   sfc_debug:sfdb_animation.obj
 0001:000264e0       sf_debug_reset_path_objects 00000001800274e0 f   sfc_debug:sfdb_animation.obj
 0001:00026560       sf_debug_sm_reset_object_selection_status 0000000180027560 f   sfc_debug:sfdb_animation.obj
 0001:00026600       sf_debug_sm_reset_state_buffer 0000000180027600 f   sfc_debug:sfdb_animation.obj
 0001:000266d0       sf_debug_sm_store_state_buffer 00000001800276d0 f   sfc_debug:sfdb_animation.obj
 0001:00026750       sf_debug_sm_restore_state_buffer1 0000000180027750 f   sfc_debug:sfdb_animation.obj
 0001:000267c0       sf_debug_sm_restore_state_buffer2 00000001800277c0 f   sfc_debug:sfdb_animation.obj
 0001:00026830       sf_debug_sm_chart_active   0000000180027830 f   sfc_debug:sfdb_animation.obj
 0001:00026880       sf_debug_sm_select_active_objects 0000000180027880 f   sfc_debug:sfdb_animation.obj
 0001:00026d30       sf_debug_sm_is_chart_active 0000000180027d30 f   sfc_debug:sfdb_animation.obj
 0001:00026d70       sf_debug_sm_is_state_active 0000000180027d70 f   sfc_debug:sfdb_animation.obj
 0001:00026fb0       sf_debug_sm_get_active_states 0000000180027fb0 f   sfc_debug:sfdb_animation.obj
 0001:00027570       sf_debug_sm_initialize_instance 0000000180028570 f   sfc_debug:sfdb_animation.obj
 0001:000277c0       sf_debug_sm_change_object_selection_status 00000001800287c0 f   sfc_debug:sfdb_animation.obj
 0001:00027ab0       cv_create_interface        0000000180028ab0 f   sfc_debug:cv_sfinterface.obj
 0001:00027e10       cv_init_trans              0000000180028e10 f   sfc_debug:cv_sfinterface.obj
 0001:00027e60       cv_init_state              0000000180028e60 f   sfc_debug:cv_sfinterface.obj
 0001:00027ed0       cv_init_chart              0000000180028ed0 f   sfc_debug:cv_sfinterface.obj
 0001:00027f20       cv_dec_update_call         0000000180028f20 f   sfc_debug:cv_sfinterface.obj
 0001:00027f60       cv_cond_update_call        0000000180028f60 f   sfc_debug:cv_sfinterface.obj
 0001:00027fa0       cv_sigrange_update         0000000180028fa0 f   sfc_debug:cv_sfinterface.obj
 0001:00027fe0       cvsf_eml_eval              0000000180028fe0 f   sfc_debug:cv_sfinterface.obj
 0001:000280c0       cvsf_eml_init_script       00000001800290c0 f   sfc_debug:cv_sfinterface.obj
 0001:00028140       cvsf_eml_init_fcn          0000000180029140 f   sfc_debug:cv_sfinterface.obj
 0001:000281a0       cvsf_eml_init_testobjective 00000001800291a0 f   sfc_debug:cv_sfinterface.obj
 0001:00028200       cvsf_eml_init_if           0000000180029200 f   sfc_debug:cv_sfinterface.obj
 0001:00028260       cvsf_eml_init_for          0000000180029260 f   sfc_debug:cv_sfinterface.obj
 0001:000282b0       cvsf_eml_init_while        00000001800292b0 f   sfc_debug:cv_sfinterface.obj
 0001:00028300       cvsf_eml_init_mcdc         0000000180029300 f   sfc_debug:cv_sfinterface.obj
 0001:00028390       cvsf_eml_init_switch       0000000180029390 f   sfc_debug:cv_sfinterface.obj
 0001:00028400       cvsf_script_eval           0000000180029400 f   sfc_debug:cv_sfinterface.obj
 0001:000284e0       cvsf_script_init_script    00000001800294e0 f   sfc_debug:cv_sfinterface.obj
 0001:00028560       cvsf_script_init_fcn       0000000180029560 f   sfc_debug:cv_sfinterface.obj
 0001:000285c0       cvsf_script_init_testobjective 00000001800295c0 f   sfc_debug:cv_sfinterface.obj
 0001:00028620       cvsf_script_init_if        0000000180029620 f   sfc_debug:cv_sfinterface.obj
 0001:00028680       cvsf_script_init_for       0000000180029680 f   sfc_debug:cv_sfinterface.obj
 0001:000286d0       cvsf_script_init_while     00000001800296d0 f   sfc_debug:cv_sfinterface.obj
 0001:00028720       cvsf_script_init_mcdc      0000000180029720 f   sfc_debug:cv_sfinterface.obj
 0001:000287b0       cvsf_script_init_switch    00000001800297b0 f   sfc_debug:cv_sfinterface.obj
 0001:00028820       cv_destroy_interface       0000000180029820 f   sfc_debug:cv_sfinterface.obj
 0001:00028840       cv_create_instance_objects 0000000180029840 f   sfc_debug:cv_sfinterface.obj
 0001:00028cf0       cv_is_enabled              0000000180029cf0 f   sfc_debug:cv_sfinterface.obj
 0001:00028d00       sf_debug_cv_initialize_script 0000000180029d00 f   sfc_debug:cv_sfinterface.obj
 0001:00028eb0       sf_debug_cv_initialize_instance 0000000180029eb0 f   sfc_debug:cv_sfinterface.obj
 0001:00029250       sf_debug_cv_terminate_chart 000000018002a250 f   sfc_debug:cv_sfinterface.obj
 0001:00029390       cv_call_trans_test         000000018002a390 f   sfc_debug:cv_sfinterface.obj
 0001:000293a0       cv_call_sub_cond_test      000000018002a3a0 f   sfc_debug:cv_sfinterface.obj
 0001:000294d0       sf_debug_hm_initialize_instance 000000018002a4d0 f   sfc_debug:sfdb_handle_management.obj
 0001:00029a50       sf_debug_hm_get_object_id  000000018002aa50 f   sfc_debug:sfdb_handle_management.obj
 0001:0002b9c0       sf_debug_object_is_eml_function 000000018002c9c0 f   sfc_debug:sfdb_handle_management.obj
 0001:0002ba30       sf_debug_hm_initialize_ids_in_machine 000000018002ca30 f   sfc_debug:sfdb_handle_management.obj
 0001:0002bba0       sf_debug_hm_initialize_ids_in_chart 000000018002cba0 f   sfc_debug:sfdb_handle_management.obj
 0001:0002bce0       sf_debug_hm_initialize_chart 000000018002cce0 f   sfc_debug:sfdb_handle_management.obj
 0001:0002c490       sf_debug_hm_terminate      000000018002d490 f   sfc_debug:sfdb_handle_management.obj
 0001:0002c4f0       sf_debug_hm_initialize_machine 000000018002d4f0 f   sfc_debug:sfdb_handle_management.obj
 0001:0002cca0       sf_debug_st_initialize_machine 000000018002dca0 f   sfc_debug:sfdb_data_browse.obj
 0001:0002cd60       sf_debug_st_initialize_instance 000000018002dd60 f   sfc_debug:sfdb_data_browse.obj
 0001:0002cf90       sf_debug_st_terminate      000000018002df90 f   sfc_debug:sfdb_data_browse.obj
 0001:0002d330       sf_debug_st_set_data_value_ptr_in_machine 000000018002e330 f   sfc_debug:sfdb_data_browse.obj
 0001:0002d3c0       sf_debug_st_set_data_value_ptr_in_instance 000000018002e3c0 f   sfc_debug:sfdb_data_browse.obj
 0001:0002d4a0       sf_debug_st_unset_data_value_ptr_in_machine 000000018002e4a0 f   sfc_debug:sfdb_data_browse.obj
 0001:0002d510       sf_debug_st_unset_data_value_ptr_in_instance 000000018002e510 f   sfc_debug:sfdb_data_browse.obj
 0001:0002d820       sf_debug_mx_value          000000018002e820 f   sfc_debug:sfdb_data_browse.obj
 0001:0002d880       sf_debug_mx_packed_vector  000000018002e880 f   sfc_debug:sfdb_data_browse.obj
 0001:0002d960       sf_debug_mx_uint_vector    000000018002e960 f   sfc_debug:sfdb_data_browse.obj
 0001:0002da20       sf_debug_st_get_double_value_from_void_ptr_vector 000000018002ea20 f   sfc_debug:sfdb_data_browse.obj
 0001:0002e510       sf_debug_st_browse_data    000000018002f510 f   sfc_debug:sfdb_data_browse.obj
 0001:0002ecb0       sf_debug_ss_initialize     000000018002fcb0 f   sfc_debug:sfdb_symbol_scope.obj
 0001:0002ecd0       sf_debug_ss_terminate      000000018002fcd0 f   sfc_debug:sfdb_symbol_scope.obj
 0001:0002ed60       sf_debug_ss_push_symbol_scope 000000018002fd60 f   sfc_debug:sfdb_symbol_scope.obj
 0001:0002ee60       sf_debug_ss_push_symbol_scope_eml 000000018002fe60 f   sfc_debug:sfdb_symbol_scope.obj
 0001:0002eec0       sf_debug_ss_pop_symbol_scope 000000018002fec0 f   sfc_debug:sfdb_symbol_scope.obj
 0001:0002ef70       sf_debug_ss_add_symbol     000000018002ff70 f   sfc_debug:sfdb_symbol_scope.obj
 0001:0002f0d0       sf_debug_ss_add_symbol_eml 00000001800300d0 f   sfc_debug:sfdb_symbol_scope.obj
 0001:0002fdb0       sf_debug_ss_set_data_value 0000000180030db0 f   sfc_debug:sfdb_symbol_scope.obj
 0001:00030250       sf_debug_ss_watch_data     0000000180031250 f   sfc_debug:sfdb_symbol_scope.obj
 0001:000302f0       sf_debug_ss_assign_data    00000001800312f0 f   sfc_debug:sfdb_symbol_scope.obj
 0001:00030cf0       get_data_entry_name        0000000180031cf0 f   sfc_debug:sfdb_symbol_scope.obj
 0001:00030d40       sf_debug_ss_whos           0000000180031d40 f   sfc_debug:sfdb_symbol_scope.obj
 0001:00031450       sf_debug_cc_initialize_chart 0000000180032450 f   sfc_debug:sfdb_coverage.obj
 0001:00031e40       sf_debug_cc_initialize_instance 0000000180032e40 f   sfc_debug:sfdb_coverage.obj
 0001:00032c40       sf_debug_cc_terminate      0000000180033c40 f   sfc_debug:sfdb_coverage.obj
 0001:00032d30       sf_debug_cc_set_transition_maps 0000000180033d30 f   sfc_debug:sfdb_coverage.obj
 0001:00032e60       sf_debug_cc_set_state_maps 0000000180033e60 f   sfc_debug:sfdb_coverage.obj
 0001:00032f40       sf_debug_cc_set_transition_weights 0000000180033f40 f   sfc_debug:sfdb_coverage.obj
 0001:00033210       sf_debug_cc_set_state_weights 0000000180034210 f   sfc_debug:sfdb_coverage.obj
 0001:000334e0       sf_debug_cc_mark_transition_guard 00000001800344e0 f   sfc_debug:sfdb_coverage.obj
 0001:00033570       sf_debug_cc_mark_transition_trigger 0000000180034570 f   sfc_debug:sfdb_coverage.obj
 0001:00033600       sf_debug_cc_mark_transition_decision 0000000180034600 f   sfc_debug:sfdb_coverage.obj
 0001:00033670       sf_debug_cc_mark_transition_condition_action 0000000180034670 f   sfc_debug:sfdb_coverage.obj
 0001:000336c0       sf_debug_cc_mark_transition_transition_action 00000001800346c0 f   sfc_debug:sfdb_coverage.obj
 0001:00033710       sf_debug_cc_mark_state_entry 0000000180034710 f   sfc_debug:sfdb_coverage.obj
 0001:00033760       sf_debug_cc_mark_state_during 0000000180034760 f   sfc_debug:sfdb_coverage.obj
 0001:000337b0       sf_debug_cc_mark_state_exit 00000001800347b0 f   sfc_debug:sfdb_coverage.obj
 0001:00033800       sf_debug_bm_clear_script_breakpoints 0000000180034800 f   sfc_debug:sfdb_breakpoints.obj
 0001:00033830       sf_debug_bm_set_script_breakpoint 0000000180034830 f   sfc_debug:sfdb_breakpoints.obj
 0001:000338b0       sf_debug_bm_clear_single_script_breakpoint 00000001800348b0 f   sfc_debug:sfdb_breakpoints.obj
 0001:00033930       sf_debug_bm_query_script_breakpoint 0000000180034930 f   sfc_debug:sfdb_breakpoints.obj
 0001:00033980       sf_debug_bm_initialize_scripts 0000000180034980 f   sfc_debug:sfdb_breakpoints.obj
 0001:000340a0       sf_debug_bm_terminate      00000001800350a0 f   sfc_debug:sfdb_breakpoints.obj
 0001:00034390       sf_debug_bm_remove_all_breakpoints_in_machine 0000000180035390 f   sfc_debug:sfdb_breakpoints.obj
 0001:00034400       sf_debug_bm_remove_all_breakpoints_in_chart 0000000180035400 f   sfc_debug:sfdb_breakpoints.obj
 0001:00034550       sf_debug_bm_initialize_global_breakpoints 0000000180035550 f   sfc_debug:sfdb_breakpoints.obj
 0001:000346d0       sf_debug_bm_set_breakpoint 00000001800356d0 f   sfc_debug:sfdb_breakpoints.obj
 0001:00034d00       sf_debug_bm_set_eml_breakpoint 0000000180035d00 f   sfc_debug:sfdb_breakpoints.obj
 0001:00034da0       sf_debug_bm_initialize_machine_breakpoint_map 0000000180035da0 f   sfc_debug:sfdb_breakpoints.obj
 0001:000351c0       sf_debug_bm_is_a_breakpoint 00000001800361c0 f   sfc_debug:sfdb_breakpoints.obj
 0001:000356e0       sf_debug_bm_get_all_breakpoints_in_machine 00000001800366e0 f   sfc_debug:sfdb_breakpoints.obj
 0001:000359e0       sf_debug_bm_get_all_breakpoints_in_chart 00000001800369e0 f   sfc_debug:sfdb_breakpoints.obj
 0001:000366a0       sf_debug_bm_initialize_machine 00000001800376a0 f   sfc_debug:sfdb_breakpoints.obj
 0001:00036770       sf_debug_bm_initialize_chart 0000000180037770 f   sfc_debug:sfdb_breakpoints.obj
 0001:00036b90       sf_debug_sc_terminate      0000000180037b90 f   sfc_debug:sfdb_state_consistency.obj
 0001:00036ec0       sf_debug_sc_is_chart_consistent 0000000180037ec0 f   sfc_debug:sfdb_state_consistency.obj
 0001:00037170       sf_debug_sc_get_consistency_error_info 0000000180038170 f   sfc_debug:sfdb_state_consistency.obj
 0001:000375c0       sf_debug_tm_terminate      00000001800385c0 f   sfc_debug:sfdb_call_stack.obj
 0001:00037680       sf_debug_tm_push_chart_instance 0000000180038680 f   sfc_debug:sfdb_call_stack.obj
 0001:000377d0       sf_debug_tm_pop_chart_instance 00000001800387d0 f   sfc_debug:sfdb_call_stack.obj
 0001:00037830       sf_debug_tm_push_trace_node 0000000180038830 f   sfc_debug:sfdb_call_stack.obj
 0001:000379c0       sf_debug_tm_pop_trace_node 00000001800389c0 f   sfc_debug:sfdb_call_stack.obj
 0001:00037a40       sf_debug_tm_get_current_global_trace_index 0000000180038a40 f   sfc_debug:sfdb_call_stack.obj
 0001:00037a50       sf_debug_tm_get_current_local_trace_index 0000000180038a50 f   sfc_debug:sfdb_call_stack.obj
 0001:00037a80       sf_debug_tm_set_cycle_detected_flag 0000000180038a80 f   sfc_debug:sfdb_call_stack.obj
 0001:00037ac0       sf_debug_tm_set_cycle_started_flag 0000000180038ac0 f   sfc_debug:sfdb_call_stack.obj
 0001:00037b00       sf_debug_tm_get_chart_number_from_stack 0000000180038b00 f   sfc_debug:sfdb_call_stack.obj
 0001:00037d00       sf_debug_tm_browse_trace   0000000180038d00 f   sfc_debug:sfdb_call_stack.obj
 0001:00038040       sf_debug_cd_initialize_instance 0000000180039040 f   sfc_debug:sfdb_cycle_detection.obj
 0001:000382f0       sf_debug_cd_mark_processed_transition_in_instance 00000001800392f0 f   sfc_debug:sfdb_cycle_detection.obj
 0001:00038390       sf_debug_cd_checksum_push  0000000180039390 f   sfc_debug:sfdb_cycle_detection.obj
 0001:00038650       sf_debug_cd_checksum_pop   0000000180039650 f   sfc_debug:sfdb_cycle_detection.obj
 0001:000386c0       sf_debug_cd_turn_off_cycle_detection 00000001800396c0 f   sfc_debug:sfdb_cycle_detection.obj
 0001:00038710       sf_debug_cd_terminate      0000000180039710 f   sfc_debug:sfdb_cycle_detection.obj
 0001:00038950       md5_initialize_state       0000000180039950 f   sfc_debug:ckmd5.obj
 0001:000393c0       md5_update_state           000000018003a3c0 f   sfc_debug:ckmd5.obj
 0001:000393e0       md5_get_hash               000000018003a3e0 f   sfc_debug:ckmd5.obj
 0001:00039410       md5_get_hash_for_a_single_string 000000018003a410 f   sfc_debug:ckmd5.obj
 0001:00039474       mxGetPr                    000000018003a474 f   libmx:libmx.dll
 0001:0003947a       mxCreateDoubleScalar       000000018003a47a f   libmx:libmx.dll
 0001:00039480       mxCreateDoubleMatrix_730   000000018003a480 f   libmx:libmx.dll
 0001:00039486       mxSetField_730             000000018003a486 f   libmx:libmx.dll
 0001:0003948c       mxCreateString             000000018003a48c f   libmx:libmx.dll
 0001:00039492       mxCreateStructMatrix_730   000000018003a492 f   libmx:libmx.dll
 0001:00039498       mxDestroyArray             000000018003a498 f   libmx:libmx.dll
 0001:0003949e       mxDuplicateArray           000000018003a49e f   libmx:libmx.dll
 0001:000394a4       mxGetNaN                   000000018003a4a4 f   libmx:libmx.dll
 0001:000394aa       mxGetString_730            000000018003a4aa f   libmx:libmx.dll
 0001:000394b0       mxIsChar                   000000018003a4b0 f   libmx:libmx.dll
 0001:000394b6       mxGetClassID               000000018003a4b6 f   libmx:libmx.dll
 0001:000394bc       mxIsNumeric                000000018003a4bc f   libmx:libmx.dll
 0001:000394c2       mxIsComplex                000000018003a4c2 f   libmx:libmx.dll
 0001:000394c8       mxGetN                     000000018003a4c8 f   libmx:libmx.dll
 0001:000394ce       mxGetM                     000000018003a4ce f   libmx:libmx.dll
 0001:000394d4       mxCalloc                   000000018003a4d4 f   libmx:libmx.dll
 0001:000394da       mxGetScalar                000000018003a4da f   libmx:libmx.dll
 0001:000394e0       mxIsLogical                000000018003a4e0 f   libmx:libmx.dll
 0001:000394e6       mxCreateDoubleMatrix_700   000000018003a4e6 f   libmx:libmx.dll
 0001:000394ec       mxFree                     000000018003a4ec f   libmx:libmx.dll
 0001:000394f2       mxArrayToString            000000018003a4f2 f   libmx:libmx.dll
 0001:000394f8       mxCreateCellMatrix_700     000000018003a4f8 f   libmx:libmx.dll
 0001:000394fe       mxSetCell_700              000000018003a4fe f   libmx:libmx.dll
 0001:00039504       mxGetCell_700              000000018003a504 f   libmx:libmx.dll
 0001:0003950a       mxGetClassName             000000018003a50a f   libmx:libmx.dll
 0001:00039510       mxSetField_700             000000018003a510 f   libmx:libmx.dll
 0001:00039516       mxAddField                 000000018003a516 f   libmx:libmx.dll
 0001:0003951c       mxGetField_700             000000018003a51c f   libmx:libmx.dll
 0001:00039522       mxGetNumberOfElements      000000018003a522 f   libmx:libmx.dll
 0001:00039528       mxIsStruct                 000000018003a528 f   libmx:libmx.dll
 0001:0003952e       mxIsClass                  000000018003a52e f   libmx:libmx.dll
 0001:00039534       mxGetLogicals              000000018003a534 f   libmx:libmx.dll
 0001:0003953a       mxIsSparse                 000000018003a53a f   libmx:libmx.dll
 0001:00039540       mxSetFieldByNumber_700     000000018003a540 f   libmx:libmx.dll
 0001:00039546       mxGetFieldByNumber_700     000000018003a546 f   libmx:libmx.dll
 0001:0003954c       mxGetFieldNameByNumber     000000018003a54c f   libmx:libmx.dll
 0001:00039552       mxGetNumberOfFields        000000018003a552 f   libmx:libmx.dll
 0001:00039558       mxCreateStructMatrix_700   000000018003a558 f   libmx:libmx.dll
 0001:0003955e       mxGetFieldNumber           000000018003a55e f   libmx:libmx.dll
 0001:00039564       mxIsNaN                    000000018003a564 f   libmx:libmx.dll
 0001:0003956a       mxIsEmpty                  000000018003a56a f   libmx:libmx.dll
 0001:00039570       mxGetData                  000000018003a570 f   libmx:libmx.dll
 0001:00039576       mxGetImagData              000000018003a576 f   libmx:libmx.dll
 0001:0003957c       mxArrayClassIDName         000000018003a57c f   libmx:libmx.dll
 0001:00039582       mxCreateNumericMatrix_700  000000018003a582 f   libmx:libmx.dll
 0001:00039588       mxCreateStructArray_700    000000018003a588 f   libmx:libmx.dll
 0001:0003958e       mxCalcSingleSubscript_700  000000018003a58e f   libmx:libmx.dll
 0001:00039594       mxGetDimensions_700        000000018003a594 f   libmx:libmx.dll
 0001:0003959a       mxGetNumberOfDimensions_700 000000018003a59a f   libmx:libmx.dll
 0001:000395a0       mxCreateNumericArray_700   000000018003a5a0 f   libmx:libmx.dll
 0001:000395a6       mxGetElementSize           000000018003a5a6 f   libmx:libmx.dll
 0001:000395ac       mxCreateStringFromNChars_700 000000018003a5ac f   libmx:libmx.dll
 0001:000395b2       mxGetString_700            000000018003a5b2 f   libmx:libmx.dll
 0001:000395b8       mxIsLogicalScalarTrue      000000018003a5b8 f   libmx:libmx.dll
 0001:000395be       mxCreateLogicalScalar      000000018003a5be f   libmx:libmx.dll
 0001:000395c4       mexUnlock                  000000018003a5c4 f   libmex:libmex.dll
 0001:000395ca       mexIsLocked                000000018003a5ca f   libmex:libmex.dll
 0001:000395d0       mexWarnMsgTxt              000000018003a5d0 f   libmex:libmex.dll
 0001:000395d6       mexCallMATLAB              000000018003a5d6 f   libmex:libmex.dll
 0001:000395dc       mexErrMsgTxt               000000018003a5dc f   libmex:libmex.dll
 0001:000395e2       mexMakeArrayPersistent     000000018003a5e2 f   libmex:libmex.dll
 0001:000395e8       mexSetTrapFlag             000000018003a5e8 f   libmex:libmex.dll
 0001:000395ee       mexPutVariable             000000018003a5ee f   libmex:libmex.dll
 0001:000395f4       mexGetVariable             000000018003a5f4 f   libmex:libmex.dll
 0001:000395fa       mexLock                    000000018003a5fa f   libmex:libmex.dll
 0001:00039600       mexMakeMemoryPersistent    000000018003a600 f   libmex:libmex.dll
 0001:00039606       mexFunctionName            000000018003a606 f   libmex:libmex.dll
 0001:0003960c       ssRegisterDataTypeFxpFSlopeFixExpBias 000000018003a60c f   libfixedpoint:libfixedpoint.dll
 0001:00039612       utVSNprintf                000000018003a612 f   libut:libut.dll
 0001:00039618       utCPUtime                  000000018003a618 f   libut:libut.dll
 0001:0003961e       utFree                     000000018003a61e f   libut:libut.dll
 0001:00039624       utMalloc                   000000018003a624 f   libut:libut.dll
 0001:0003962a       muDoubleScalarPower        000000018003a62a f   libmwmathutil:libmwmathutil.dll
 0001:00039630       muDoubleScalarLog10        000000018003a630 f   libmwmathutil:libmwmathutil.dll
 0001:00039636       muDoubleScalarSqrt         000000018003a636 f   libmwmathutil:libmwmathutil.dll
 0001:0003963c       muDoubleScalarExp          000000018003a63c f   libmwmathutil:libmwmathutil.dll
 0001:00039642       muDoubleScalarIsNaN        000000018003a642 f   libmwmathutil:libmwmathutil.dll
 0001:00039648       emlrtCheckBuiltInCtxR2011a 000000018003a648 f   libemlrt:libemlrt.dll
 0001:0003964e       emlrtCheckVsBuiltInCtxR2011a 000000018003a64e f   libemlrt:libemlrt.dll
 0001:00039654       emlrtCheckEnumR2009a       000000018003a654 f   libemlrt:libemlrt.dll
 0001:0003965a       emlrtCreateEnumR2010a      000000018003a65a f   libemlrt:libemlrt.dll
 0001:00039660       emlrtGetEnumElementR2009a  000000018003a660 f   libemlrt:libemlrt.dll
 0001:00039666       emlrtCreateReference       000000018003a666 f   libemlrt:libemlrt.dll
 0001:0003966c       emlrtImportVsFiArrayR2009b 000000018003a66c f   libemlrt:libemlrt.dll
 0001:00039672       emlrtExtractMessageId      000000018003a672 f   libemlrt:libemlrt.dll
 0001:00039678       emlrtTranslateMessageIDtoLCPstring 000000018003a678 f   libemlrt:libemlrt.dll
 0001:0003967e       emlrtForLoopVectorIsValidR2011b 000000018003a67e f   libemlrt:libemlrt.dll
 0001:00039684       emlrtTranslateUTF16MessagetoLCPstring 000000018003a684 f   libemlrt:libemlrt.dll
 0001:0003968a       emlrtGetEnumUnderlyingArrayR2009a 000000018003a68a f   libemlrt:libemlrt.dll
 0001:00039690       emlrtIsEnumR2009a          000000018003a690 f   libemlrt:libemlrt.dll
 0001:00039698       __GSHandlerCheckCommon     000000018003a698 f   MSVCRT:gshandler.obj
 0001:000396fc       __GSHandlerCheck           000000018003a6fc f   MSVCRT:gshandler.obj
 0001:0003971a       strlen                     000000018003a71a f   MSVCRT:MSVCR100.dll
 0001:00039730       __security_check_cookie    000000018003a730 f   MSVCRT:amdsecgs.obj
 0001:00039750       memset                     000000018003a750 f   MSVCRT:MSVCR100.dll
 0001:00039756       malloc                     000000018003a756 f   MSVCRT:MSVCR100.dll
 0001:0003975c       free                       000000018003a75c f   MSVCRT:MSVCR100.dll
 0001:00039762       strcmp                     000000018003a762 f   MSVCRT:MSVCR100.dll
 0001:00039768       sprintf                    000000018003a768 f   MSVCRT:MSVCR100.dll
 0001:0003976e       strcat                     000000018003a76e f   MSVCRT:MSVCR100.dll
 0001:00039774       memcpy                     000000018003a774 f   MSVCRT:MSVCR100.dll
 0001:0003977c       NtCurrentTeb               000000018003a77c f i MSVCRT:crtdll.obj
 0001:000397e8       _CRT_INIT                  000000018003a7e8 f   MSVCRT:crtdll.obj
 0001:00039b80       _DllMainCRTStartup         000000018003ab80 f   MSVCRT:crtdll.obj
 0001:00039bbe       strncpy                    000000018003abbe f   MSVCRT:MSVCR100.dll
 0001:00039be0       _alloca_probe              000000018003abe0     MSVCRT:chkstk.obj
 0001:00039be0       __chkstk                   000000018003abe0 f   MSVCRT:chkstk.obj
 0001:00039c2e       longjmp                    000000018003ac2e f   MSVCRT:MSVCR100.dll
 0001:00039c34       strncmp                    000000018003ac34 f   MSVCRT:MSVCR100.dll
 0001:00039c3a       ceil                       000000018003ac3a f   MSVCRT:MSVCR100.dll
 0001:00039c40       strrchr                    000000018003ac40 f   MSVCRT:MSVCR100.dll
 0001:00039c46       _setjmp                    000000018003ac46 f   MSVCRT:MSVCR100.dll
 0001:00039c4c       calloc                     000000018003ac4c f   MSVCRT:MSVCR100.dll
 0001:00039c52       realloc                    000000018003ac52 f   MSVCRT:MSVCR100.dll
 0001:00039c58       ldexp                      000000018003ac58 f   MSVCRT:MSVCR100.dll
 0001:00039c60       __report_gsfailure         000000018003ac60 f   MSVCRT:gs_report.obj
 0001:00039dac       __clean_type_info_names    000000018003adac f   MSVCRT:tncleanup.obj
 0001:00039db8       _onexit                    000000018003adb8 f   MSVCRT:atonexit.obj
 0001:00039e68       atexit                     000000018003ae68 f   MSVCRT:atonexit.obj
 0001:00039e80       _RTC_Initialize            000000018003ae80 f   MSVCRT:_initsect_.obj
 0001:00039eb8       _RTC_Terminate             000000018003aeb8 f   MSVCRT:_initsect_.obj
 0001:00039ef0       _malloc_crt                000000018003aef0 f   MSVCRT:MSVCR100.dll
 0001:00039f00       _ValidateImageBase         000000018003af00 f   MSVCRT:pesect.obj
 0001:00039f30       _FindPESection             000000018003af30 f   MSVCRT:pesect.obj
 0001:00039f80       _IsNonwritableInCurrentImage 000000018003af80 f   MSVCRT:pesect.obj
 0001:00039fc2       _initterm                  000000018003afc2 f   MSVCRT:MSVCR100.dll
 0001:00039fc8       _initterm_e                000000018003afc8 f   MSVCRT:MSVCR100.dll
 0001:00039fce       _encoded_null              000000018003afce f   MSVCRT:MSVCR100.dll
 0001:00039fd4       _amsg_exit                 000000018003afd4 f   MSVCRT:MSVCR100.dll
 0001:00039fda       __C_specific_handler       000000018003afda f   MSVCRT:MSVCR100.dll
 0001:00039fe0       __CppXcptFilter            000000018003afe0 f   MSVCRT:MSVCR100.dll
 0001:00039fe8       DllMain                    000000018003afe8 f   MSVCRT:dllmain.obj
 0001:0003a00c       __security_init_cookie     000000018003b00c f   MSVCRT:gs_support.obj
 0001:0003a0c0       __crt_debugger_hook        000000018003b0c0 f   MSVCRT:MSVCR100.dll
 0001:0003a0c6       __clean_type_info_names_internal 000000018003b0c6 f   MSVCRT:MSVCR100.dll
 0001:0003a0cc       _unlock                    000000018003b0cc f   MSVCRT:MSVCR100.dll
 0001:0003a0d2       __dllonexit                000000018003b0d2 f   MSVCRT:MSVCR100.dll
 0001:0003a0d8       _lock                      000000018003b0d8 f   MSVCRT:MSVCR100.dll
 0001:0003a0de       EncodePointer              000000018003b0de f   kernel32:KERNEL32.dll
 0001:0003a0e4       DecodePointer              000000018003b0e4 f   kernel32:KERNEL32.dll
 0001:0003a0ea       Sleep                      000000018003b0ea f   kernel32:KERNEL32.dll
 0001:0003a0f0       TerminateProcess           000000018003b0f0 f   kernel32:KERNEL32.dll
 0001:0003a0f6       GetCurrentProcess          000000018003b0f6 f   kernel32:KERNEL32.dll
 0001:0003a0fc       UnhandledExceptionFilter   000000018003b0fc f   kernel32:KERNEL32.dll
 0001:0003a102       SetUnhandledExceptionFilter 000000018003b102 f   kernel32:KERNEL32.dll
 0001:0003a108       IsDebuggerPresent          000000018003b108 f   kernel32:KERNEL32.dll
 0001:0003a10e       RtlVirtualUnwind           000000018003b10e f   kernel32:KERNEL32.dll
 0001:0003a114       RtlLookupFunctionEntry     000000018003b114 f   kernel32:KERNEL32.dll
 0001:0003a11a       RtlCaptureContext          000000018003b11a f   kernel32:KERNEL32.dll
 0001:0003a120       DisableThreadLibraryCalls  000000018003b120 f   kernel32:KERNEL32.dll
 0001:0003a126       QueryPerformanceCounter    000000018003b126 f   kernel32:KERNEL32.dll
 0001:0003a12c       GetTickCount               000000018003b12c f   kernel32:KERNEL32.dll
 0001:0003a132       GetCurrentThreadId         000000018003b132 f   kernel32:KERNEL32.dll
 0001:0003a138       GetCurrentProcessId        000000018003b138 f   kernel32:KERNEL32.dll
 0001:0003a13e       GetSystemTimeAsFileTime    000000018003b13e f   kernel32:KERNEL32.dll
 0002:00000000       __imp_DisableThreadLibraryCalls 000000018003c000     kernel32:KERNEL32.dll
 0002:00000008       __imp_RtlCaptureContext    000000018003c008     kernel32:KERNEL32.dll
 0002:00000010       __imp_RtlLookupFunctionEntry 000000018003c010     kernel32:KERNEL32.dll
 0002:00000018       __imp_RtlVirtualUnwind     000000018003c018     kernel32:KERNEL32.dll
 0002:00000020       __imp_IsDebuggerPresent    000000018003c020     kernel32:KERNEL32.dll
 0002:00000028       __imp_SetUnhandledExceptionFilter 000000018003c028     kernel32:KERNEL32.dll
 0002:00000030       __imp_UnhandledExceptionFilter 000000018003c030     kernel32:KERNEL32.dll
 0002:00000038       __imp_GetCurrentProcess    000000018003c038     kernel32:KERNEL32.dll
 0002:00000040       __imp_TerminateProcess     000000018003c040     kernel32:KERNEL32.dll
 0002:00000048       __imp_Sleep                000000018003c048     kernel32:KERNEL32.dll
 0002:00000050       __imp_DecodePointer        000000018003c050     kernel32:KERNEL32.dll
 0002:00000058       __imp_EncodePointer        000000018003c058     kernel32:KERNEL32.dll
 0002:00000060       __imp_GetTickCount         000000018003c060     kernel32:KERNEL32.dll
 0002:00000068       __imp_GetCurrentThreadId   000000018003c068     kernel32:KERNEL32.dll
 0002:00000070       __imp_GetCurrentProcessId  000000018003c070     kernel32:KERNEL32.dll
 0002:00000078       __imp_GetSystemTimeAsFileTime 000000018003c078     kernel32:KERNEL32.dll
 0002:00000080       __imp_QueryPerformanceCounter 000000018003c080     kernel32:KERNEL32.dll
 0002:00000088       \177KERNEL32_NULL_THUNK_DATA 000000018003c088     kernel32:KERNEL32.dll
 0002:00000090       __imp_realloc              000000018003c090     MSVCRT:MSVCR100.dll
 0002:00000098       __imp__onexit              000000018003c098     MSVCRT:MSVCR100.dll
 0002:000000a0       __imp__lock                000000018003c0a0     MSVCRT:MSVCR100.dll
 0002:000000a8       __imp___dllonexit          000000018003c0a8     MSVCRT:MSVCR100.dll
 0002:000000b0       __imp__unlock              000000018003c0b0     MSVCRT:MSVCR100.dll
 0002:000000b8       __imp___clean_type_info_names_internal 000000018003c0b8     MSVCRT:MSVCR100.dll
 0002:000000c0       __imp___crt_debugger_hook  000000018003c0c0     MSVCRT:MSVCR100.dll
 0002:000000c8       __imp___CppXcptFilter      000000018003c0c8     MSVCRT:MSVCR100.dll
 0002:000000d0       __imp___C_specific_handler 000000018003c0d0     MSVCRT:MSVCR100.dll
 0002:000000d8       __imp__amsg_exit           000000018003c0d8     MSVCRT:MSVCR100.dll
 0002:000000e0       __imp__encoded_null        000000018003c0e0     MSVCRT:MSVCR100.dll
 0002:000000e8       __imp__initterm_e          000000018003c0e8     MSVCRT:MSVCR100.dll
 0002:000000f0       __imp__initterm            000000018003c0f0     MSVCRT:MSVCR100.dll
 0002:000000f8       __imp__malloc_crt          000000018003c0f8     MSVCRT:MSVCR100.dll
 0002:00000100       __imp_ldexp                000000018003c100     MSVCRT:MSVCR100.dll
 0002:00000108       __imp_strlen               000000018003c108     MSVCRT:MSVCR100.dll
 0002:00000110       __imp_calloc               000000018003c110     MSVCRT:MSVCR100.dll
 0002:00000118       __imp__setjmp              000000018003c118     MSVCRT:MSVCR100.dll
 0002:00000120       __imp_strrchr              000000018003c120     MSVCRT:MSVCR100.dll
 0002:00000128       __imp_ceil                 000000018003c128     MSVCRT:MSVCR100.dll
 0002:00000130       __imp_strncmp              000000018003c130     MSVCRT:MSVCR100.dll
 0002:00000138       __imp_longjmp              000000018003c138     MSVCRT:MSVCR100.dll
 0002:00000140       __imp_strncpy              000000018003c140     MSVCRT:MSVCR100.dll
 0002:00000148       __imp_memcpy               000000018003c148     MSVCRT:MSVCR100.dll
 0002:00000150       __imp_strcat               000000018003c150     MSVCRT:MSVCR100.dll
 0002:00000158       __imp_sprintf              000000018003c158     MSVCRT:MSVCR100.dll
 0002:00000160       __imp_strcmp               000000018003c160     MSVCRT:MSVCR100.dll
 0002:00000168       __imp_free                 000000018003c168     MSVCRT:MSVCR100.dll
 0002:00000170       __imp_malloc               000000018003c170     MSVCRT:MSVCR100.dll
 0002:00000178       __imp_memset               000000018003c178     MSVCRT:MSVCR100.dll
 0002:00000180       \177MSVCR100_NULL_THUNK_DATA 000000018003c180     MSVCRT:MSVCR100.dll
 0002:00000188       __imp_emlrtIsEnumR2009a    000000018003c188     libemlrt:libemlrt.dll
 0002:00000190       __imp_emlrtCheckBuiltInCtxR2011a 000000018003c190     libemlrt:libemlrt.dll
 0002:00000198       __imp_emlrtGetEnumUnderlyingArrayR2009a 000000018003c198     libemlrt:libemlrt.dll
 0002:000001a0       __imp_emlrtTranslateUTF16MessagetoLCPstring 000000018003c1a0     libemlrt:libemlrt.dll
 0002:000001a8       __imp_emlrtForLoopVectorIsValidR2011b 000000018003c1a8     libemlrt:libemlrt.dll
 0002:000001b0       __imp_emlrtTranslateMessageIDtoLCPstring 000000018003c1b0     libemlrt:libemlrt.dll
 0002:000001b8       __imp_emlrtExtractMessageId 000000018003c1b8     libemlrt:libemlrt.dll
 0002:000001c0       __imp_emlrtCheckVsBuiltInCtxR2011a 000000018003c1c0     libemlrt:libemlrt.dll
 0002:000001c8       __imp_emlrtCheckEnumR2009a 000000018003c1c8     libemlrt:libemlrt.dll
 0002:000001d0       __imp_emlrtCreateEnumR2010a 000000018003c1d0     libemlrt:libemlrt.dll
 0002:000001d8       __imp_emlrtGetEnumElementR2009a 000000018003c1d8     libemlrt:libemlrt.dll
 0002:000001e0       __imp_emlrtCreateReference 000000018003c1e0     libemlrt:libemlrt.dll
 0002:000001e8       __imp_emlrtImportVsFiArrayR2009b 000000018003c1e8     libemlrt:libemlrt.dll
 0002:000001f0       \177libemlrt_NULL_THUNK_DATA 000000018003c1f0     libemlrt:libemlrt.dll
 0002:000001f8       __imp_ssRegisterDataTypeFxpFSlopeFixExpBias 000000018003c1f8     libfixedpoint:libfixedpoint.dll
 0002:00000200       \177libfixedpoint_NULL_THUNK_DATA 000000018003c200     libfixedpoint:libfixedpoint.dll
 0002:00000208       __imp_mexLock              000000018003c208     libmex:libmex.dll
 0002:00000210       __imp_mexPutVariable       000000018003c210     libmex:libmex.dll
 0002:00000218       __imp_mexFunctionName      000000018003c218     libmex:libmex.dll
 0002:00000220       __imp_mexMakeArrayPersistent 000000018003c220     libmex:libmex.dll
 0002:00000228       __imp_mexMakeMemoryPersistent 000000018003c228     libmex:libmex.dll
 0002:00000230       __imp_mexGetVariable       000000018003c230     libmex:libmex.dll
 0002:00000238       __imp_mexErrMsgTxt         000000018003c238     libmex:libmex.dll
 0002:00000240       __imp_mexCallMATLAB        000000018003c240     libmex:libmex.dll
 0002:00000248       __imp_mexWarnMsgTxt        000000018003c248     libmex:libmex.dll
 0002:00000250       __imp_mexIsLocked          000000018003c250     libmex:libmex.dll
 0002:00000258       __imp_mexUnlock            000000018003c258     libmex:libmex.dll
 0002:00000260       __imp_mexSetTrapFlag       000000018003c260     libmex:libmex.dll
 0002:00000268       \177libmex_NULL_THUNK_DATA 000000018003c268     libmex:libmex.dll
 0002:00000270       __imp_muDoubleScalarSqrt   000000018003c270     libmwmathutil:libmwmathutil.dll
 0002:00000278       __imp_muDoubleScalarExp    000000018003c278     libmwmathutil:libmwmathutil.dll
 0002:00000280       __imp_muDoubleScalarIsNaN  000000018003c280     libmwmathutil:libmwmathutil.dll
 0002:00000288       __imp_muDoubleScalarLog10  000000018003c288     libmwmathutil:libmwmathutil.dll
 0002:00000290       __imp_muDoubleScalarPower  000000018003c290     libmwmathutil:libmwmathutil.dll
 0002:00000298       \177libmwmathutil_NULL_THUNK_DATA 000000018003c298     libmwmathutil:libmwmathutil.dll
 0002:000002a0       __imp_mxIsComplex          000000018003c2a0     libmx:libmx.dll
 0002:000002a8       __imp_mxGetN               000000018003c2a8     libmx:libmx.dll
 0002:000002b0       __imp_mxGetM               000000018003c2b0     libmx:libmx.dll
 0002:000002b8       __imp_mxGetPr              000000018003c2b8     libmx:libmx.dll
 0002:000002c0       __imp_mxCalloc             000000018003c2c0     libmx:libmx.dll
 0002:000002c8       __imp_mxGetScalar          000000018003c2c8     libmx:libmx.dll
 0002:000002d0       __imp_mxCreateLogicalScalar 000000018003c2d0     libmx:libmx.dll
 0002:000002d8       __imp_mxIsLogicalScalarTrue 000000018003c2d8     libmx:libmx.dll
 0002:000002e0       __imp_mxGetString_700      000000018003c2e0     libmx:libmx.dll
 0002:000002e8       __imp_mxCreateStringFromNChars_700 000000018003c2e8     libmx:libmx.dll
 0002:000002f0       __imp_mxGetElementSize     000000018003c2f0     libmx:libmx.dll
 0002:000002f8       __imp_mxCreateNumericArray_700 000000018003c2f8     libmx:libmx.dll
 0002:00000300       __imp_mxGetNumberOfDimensions_700 000000018003c300     libmx:libmx.dll
 0002:00000308       __imp_mxGetDimensions_700  000000018003c308     libmx:libmx.dll
 0002:00000310       __imp_mxCalcSingleSubscript_700 000000018003c310     libmx:libmx.dll
 0002:00000318       __imp_mxCreateStructArray_700 000000018003c318     libmx:libmx.dll
 0002:00000320       __imp_mxCreateNumericMatrix_700 000000018003c320     libmx:libmx.dll
 0002:00000328       __imp_mxArrayClassIDName   000000018003c328     libmx:libmx.dll
 0002:00000330       __imp_mxGetImagData        000000018003c330     libmx:libmx.dll
 0002:00000338       __imp_mxGetData            000000018003c338     libmx:libmx.dll
 0002:00000340       __imp_mxIsEmpty            000000018003c340     libmx:libmx.dll
 0002:00000348       __imp_mxIsNaN              000000018003c348     libmx:libmx.dll
 0002:00000350       __imp_mxGetFieldNumber     000000018003c350     libmx:libmx.dll
 0002:00000358       __imp_mxCreateStructMatrix_700 000000018003c358     libmx:libmx.dll
 0002:00000360       __imp_mxGetNumberOfFields  000000018003c360     libmx:libmx.dll
 0002:00000368       __imp_mxGetFieldNameByNumber 000000018003c368     libmx:libmx.dll
[...]
 0001:00011770       check_array_dimensions     0000000180012770 f   sfc_mex:sfc_mex.obj
 0001:000117e0       check_input_mxarray        00000001800127e0 f   sfc_mex:sfc_mex.obj
 0001:00011f20       sf_numeric_value_to_double 0000000180012f20 f   sfc_mex:sfc_mex.obj
 0001:00011f70       ml_generic_out_of_bounds_check 0000000180012f70 f   sfc_mex:sfc_mex.obj
 0001:00012140       ml_get_element_value_from_array 0000000180013140 f   sfc_mex:sfc_mex.obj
 0001:000124e0       _ml_generic_castability_check 00000001800134e0 f   sfc_mex:sfc_mex.obj
 0001:00013240       ml_generic_castability_check 0000000180014240 f   sfc_mex:sfc_mex.obj
 0001:000132e0       ml_check_mx_array_for_single_castability 00000001800142e0 f   sfc_mex:sfc_mex.obj
 0001:00013380       ml_check_mx_array_for_logical_castability 0000000180014380 f   sfc_mex:sfc_mex.obj
 0001:00013420       ml_check_mx_array_for_int8_castability 0000000180014420 f   sfc_mex:sfc_mex.obj
 0001:000134d0       ml_check_mx_array_for_uint8_castability 00000001800144d0 f   sfc_mex:sfc_mex.obj
 0001:00013530       ml_check_mx_array_for_int16_castability 0000000180014530 f   sfc_mex:sfc_mex.obj
 0001:00013590       ml_check_mx_array_for_uint16_castability 0000000180014590 f   sfc_mex:sfc_mex.obj
 0001:000135f0       ml_check_mx_array_for_int32_castability 00000001800145f0 f   sfc_mex:sfc_mex.obj
 0001:00013650       ml_check_mx_array_for_uint32_castability 0000000180014650 f   sfc_mex:sfc_mex.obj
 0001:000136b0       ml_check_mx_array_for_castability 00000001800146b0 f   sfc_mex:sfc_mex.obj
 0001:00013fe0       set_data_value             0000000180014fe0 f   sfc_mex:sfc_mex.obj
 0001:00014350       get_data_value             0000000180015350 f   sfc_mex:sfc_mex.obj
 0001:00014460       get_next_element_address   0000000180015460 f   sfc_mex:sfc_mex.obj
 0001:00014530       sf_normalize_index         0000000180015530 f   sfc_mex:sfc_mex.obj
 0001:000148c0       ml_array_index_bound_check 00000001800158c0 f   sfc_mex:sfc_mex.obj
 0001:000153e0       mx_value                   00000001800163e0 f   sfc_mex:sfc_mex.obj
 0001:00015430       sf_create_numeric_array    0000000180016430 f   sfc_mex:sfc_mex.obj
 0001:000154d0       sf_mex_assign_to_mx_array  00000001800164d0 f   sfc_mex:sfc_mex.obj
 0001:00015820       assign_from_mx_array       0000000180016820 f   sfc_mex:sfc_mex.obj
 0001:00016050       sf_mex_import_v            0000000180017050 f   sfc_mex:sfc_mex.obj
 0001:00016750       get_machine_and_chart_file_number 0000000180017750 f   sfc_mex:sfc_sf.obj
 0001:00016840       get_sfun_block_specialization 0000000180017840 f   sfc_mex:sfc_sf.obj
 0001:000168c0       call_sf_machine_global_method_dispatcher 00000001800178c0 f   sfc_mex:sfc_sf.obj
 0001:00016af0       mdl_zeroCrossings_processing 0000000180017af0 f   sfc_mex:sfc_sf.obj
 0001:00016bc0       mdl_derivatives_processing 0000000180017bc0 f   sfc_mex:sfc_sf.obj
 0001:00016e80       mdl_outputs_continuous_legacy 0000000180017e80 f   sfc_mex:sfc_sf.obj
 0001:00016f00       mdl_outputs_processing     0000000180017f00 f   sfc_mex:sfc_sf.obj
 0001:00017130       mdl_enable_processing      0000000180018130 f   sfc_mex:sfc_sf.obj
 0001:00017200       mdl_disable_processing     0000000180018200 f   sfc_mex:sfc_sf.obj
 0001:00017f40       sf_call_output_fcn_enable_disable 0000000180018f40 f   sfc_mex:sfc_sf.obj
 0001:000181c0       set_dwork_information_from_mx_array 00000001800191c0 f   sfc_mex:sfc_sf.obj
 0001:00018a80       ptr2mxStruct               0000000180019a80 f   sfc_mex:sfc_sf.obj
 0001:00018d70       SNPRINTF_WRAPPER           0000000180019d70 f   sfc_debug:sfcdebug.obj
 0001:00018d90       sf_debug_chart_instance_initialized_quick 0000000180019d90 f   sfc_debug:sfcdebug.obj
 0001:00018da0       sf_debug_chart_instance_initialized 0000000180019da0 f   sfc_debug:sfcdebug.obj
 0001:00018f40       sfrtAddSize                0000000180019f40 f   sfc_debug:sfcdebug.obj
 0001:00019000       sfrtGenSizeString          000000018001a000 f   sfc_debug:sfcdebug.obj
 0001:00019710       sf_debug_sim_status_listener 000000018001a710 f   sfc_debug:sfcdebug.obj
 0001:00019c80       sf_debug_form_mask_bits    000000018001ac80 f   sfc_debug:sfcdebug.obj
 0001:00019cc0       sf_debug_form_sf_data_type_offsets 000000018001acc0 f   sfc_debug:sfcdebug.obj
 0001:00019d80       sf_debug_free_all          000000018001ad80 f   sfc_debug:sfcdebug.obj
 0001:00019f00       sf_debug_append_debugger_context 000000018001af00 f   sfc_debug:sfcdebug.obj
 0001:0001a1c0       local_strdup               000000018001b1c0 f   sfc_debug:sfcdebug.obj
 0001:0001b0a0       sf_debug_em_terminate      000000018001c0a0 f   sfc_debug:sfcdebug.obj
 0001:0001b0e0       sf_debug_push_eml_function 000000018001c0e0 f   sfc_debug:sfcdebug.obj
 0001:0001b180       sf_debug_pop_eml_function  000000018001c180 f   sfc_debug:sfcdebug.obj
 0001:0001be80       sf_debug_get_machine_number_from_id_or_name 000000018001ce80 f   sfc_debug:sfcdebug.obj
 0001:0001bfd0       sf_debug_get_chart_number_from_id 000000018001cfd0 f   sfc_debug:sfcdebug.obj
 0001:0001cc40       sf_debug_transfer_control_to_debugger_GUI 000000018001dc40 f   sfc_debug:sfcdebug.obj
 0001:0001dbd0       sf_debug_scripts_rehash    000000018001ebd0 f   sfc_debug:sfcdebug.obj
 0001:0001de10       sf_debug_get_script_line_count 000000018001ee10 f   sfc_debug:sfcdebug.obj
 0001:0001e520       cv_eml_state_cvId          000000018001f520 f   sfc_debug:sfcdebug.obj
 0001:0001e590       cv_eml_trans_cvId          000000018001f590 f   sfc_debug:sfcdebug.obj
 0001:0001f850       sf_debug_data_array_bounds_error 0000000180020850 f   sfc_debug:sfcdebug.obj
 0001:0001fc80       eml_debug_runtime_error_doclink 0000000180020c80 f   sfc_debug:sfcdebug.obj
 0001:0001fe00       sf_debug_runtime_error     0000000180020e00 f   sfc_debug:sfcdebug.obj
 0001:0001fe70       sf_debug_matlab_error      0000000180020e70 f   sfc_debug:sfcdebug.obj
 0001:000207a0       sf_debug_data_value_error  00000001800217a0 f   sfc_debug:sfcdebug.obj
 0001:000210a0       sf_debug_data_loss_error   00000001800220a0 f   sfc_debug:sfcdebug.obj
 0001:00021fc0       call_cv_range_check        0000000180022fc0 f   sfc_debug:sfcdebug.obj
 0001:00022790       sf_debug_invoke_cycle_detection_code 0000000180023790 f   sfc_debug:sfcdebug.obj
 0001:00023600       sf_reset_debug_info_struct 0000000180024600 f   sfc_debug:sfcdebug.obj
 0001:00023ef0       cv_script_cvId             0000000180024ef0 f   sfc_debug:sfcdebug.obj
 0001:00024ce0       sfc_api_chart_visible      0000000180025ce0 f   sfc_debug:sfc_api.obj
 0001:00024d60       sfc_api_active_instance    0000000180025d60 f   sfc_debug:sfc_api.obj
 0001:00024de0       sfc_api_machine_load       0000000180025de0 f   sfc_debug:sfc_api.obj
 0001:00024eb0       sfc_api_debugger_alive     0000000180025eb0 f   sfc_debug:sfc_api.obj
 0001:00024ec0       sfc_api_go                 0000000180025ec0 f   sfc_debug:sfc_api.obj
 0001:00024ed0       sfc_api_step_over          0000000180025ed0 f   sfc_debug:sfc_api.obj
 0001:00024ee0       sfc_api_step_out           0000000180025ee0 f   sfc_debug:sfc_api.obj
 0001:00024ef0       sfc_api_resume             0000000180025ef0 f   sfc_debug:sfc_api.obj
 0001:00024f00       sfc_api_break              0000000180025f00 f   sfc_debug:sfc_api.obj
 0001:00024f10       sfc_api_stop_debugging     0000000180025f10 f   sfc_debug:sfc_api.obj
 0001:00024f60       sfc_api_is_cycle_detected  0000000180025f60 f   sfc_debug:sfc_api.obj
 0001:00024fb0       sfc_api_is_array_bounds_detected 0000000180025fb0 f   sfc_debug:sfc_api.obj
 0001:00025000       sfc_api_set_disable_all_breakpoints 0000000180026000 f   sfc_debug:sfc_api.obj
 0001:00025070       sfc_api_disable_all_breakpoints_and_go 0000000180026070 f   sfc_debug:sfc_api.obj
 0001:00025080       sfc_api_close              0000000180026080 f   sfc_debug:sfc_api.obj
 0001:00025090       sfc_api_browse_data        0000000180026090 f   sfc_debug:sfc_api.obj
 0001:00025100       sfc_api_watch_data         0000000180026100 f   sfc_debug:sfc_api.obj
 0001:000251a0       sfc_api_assign_data        00000001800261a0 f   sfc_debug:sfc_api.obj
 0001:00025240       sfc_api_whos               0000000180026240 f   sfc_debug:sfc_api.obj
 0001:000252d0       sfc_api_get_consistency_info 00000001800262d0 f   sfc_debug:sfc_api.obj
 0001:000252e0       sfc_api_browse_trace       00000001800262e0 f   sfc_debug:sfc_api.obj
 0001:000252f0       sfc_api_break_on_chart_entry 00000001800262f0 f   sfc_debug:sfc_api.obj
 0001:00025310       sfc_api_break_on_event_broadcast 0000000180026310 f   sfc_debug:sfc_api.obj
 0001:00025330       sfc_api_break_on_state_entry 0000000180026330 f   sfc_debug:sfc_api.obj
 0001:00025350       sfc_api_set_watch          0000000180026350 f   sfc_debug:sfc_api.obj
 0001:000253f0       sfc_api_set_breakpoints    00000001800263f0 f   sfc_debug:sfc_api.obj
 0001:00025490       sfc_api_set_eml_breakpoints 0000000180026490 f   sfc_debug:sfc_api.obj
 0001:00025510       sfc_api_set_script_breakpoints 0000000180026510 f   sfc_debug:sfc_api.obj
 0001:00025560       sfc_api_add_script_breakpoints 0000000180026560 f   sfc_debug:sfc_api.obj
 0001:000255b0       sfc_api_clear_script_breakpoints 00000001800265b0 f   sfc_debug:sfc_api.obj
 0001:00025600       sfc_api_query_script_breakpoints 0000000180026600 f   sfc_debug:sfc_api.obj
 0001:00025660       sfc_api_get_script_id      0000000180026660 f   sfc_debug:sfc_api.obj
 0001:00025720       sfc_api_get_active_states  0000000180026720 f   sfc_debug:sfc_api.obj
 0001:000257a0       sfc_api_break_between_times 00000001800267a0 f   sfc_debug:sfc_api.obj
 0001:00025800       sfc_api_get_instance_handle 0000000180026800 f   sfc_debug:sfc_api.obj
 0001:000258b0       sfc_api_set_animation      00000001800268b0 f   sfc_debug:sfc_api.obj
 0001:00025900       sfc_api_select_chart       0000000180026900 f   sfc_debug:sfc_api.obj
 0001:00025960       sfc_api_select_charts      0000000180026960 f   sfc_debug:sfc_api.obj
 0001:00025990       sfc_api_cycle_detection_check 0000000180026990 f   sfc_debug:sfc_api.obj
 0001:000259e0       sfc_api_data_range_check   00000001800269e0 f   sfc_debug:sfc_api.obj
 0001:00025a30       sfc_api_transition_conflict_check 0000000180026a30 f   sfc_debug:sfc_api.obj
 0001:00025a80       sfc_api_state_consistency_check 0000000180026a80 f   sfc_debug:sfc_api.obj
 0001:00025ad0       sfc_api_set_instance_cv_ids 0000000180026ad0 f   sfc_debug:sfc_api.obj
 0001:00025be0       sfc_api_set_script_cv_ids  0000000180026be0 f   sfc_debug:sfc_api.obj
 0001:00025c80       sfc_api_get_current_machine_id 0000000180026c80 f   sfc_debug:sfc_api.obj
 0001:00025cb0       sfc_api_get_current_machine_number 0000000180026cb0 f   sfc_debug:sfc_api.obj
 0001:00025ce0       sfc_api_get_current_chart_number 0000000180026ce0 f   sfc_debug:sfc_api.obj
 0001:00025d10       sfc_api_get_current_instance_number 0000000180026d10 f   sfc_debug:sfc_api.obj
 0001:00025d40       sfc_api_get_current_instance_handle 0000000180026d40 f   sfc_debug:sfc_api.obj
 0001:00025d60       sfc_api_get_current_is_minor_time_step 0000000180026d60 f   sfc_debug:sfc_api.obj
 0001:00025d90       sfc_api_get_current_machine_name 0000000180026d90 f   sfc_debug:sfc_api.obj
 0001:00025db0       sfc_api_get_current_chart_id 0000000180026db0 f   sfc_debug:sfc_api.obj
 0001:00025de0       sfc_api_get_current_object_type 0000000180026de0 f   sfc_debug:sfc_api.obj
 0001:00025e10       sfc_api_get_current_event_type 0000000180026e10 f   sfc_debug:sfc_api.obj
 0001:00025e40       sfc_api_get_current_object_id 0000000180026e40 f   sfc_debug:sfc_api.obj
 0001:00025e70       sfc_get_current_active_event_type 0000000180026e70 f   sfc_debug:sfc_api.obj
 0001:00025ea0       sfc_api_get_current_active_event_id 0000000180026ea0 f   sfc_debug:sfc_api.obj
 0001:00025ed0       sfc_api_get_current_simulation_time 0000000180026ed0 f   sfc_debug:sfc_api.obj
 0001:00025ef0       sfc_get_current_tag_type   0000000180026ef0 f   sfc_debug:sfc_api.obj
 0001:00025f20       sfc_get_current_coverage_percentage 0000000180026f20 f   sfc_debug:sfc_api.obj
 0001:00025f40       sfc_get_current_statement_context 0000000180026f40 f   sfc_debug:sfc_api.obj
 0001:00025f60       sfc_get_current_optional_integer 0000000180026f60 f   sfc_debug:sfc_api.obj
 0001:00025f90       sfc_get_current_statement_info 0000000180026f90 f   sfc_debug:sfc_api.obj
 0001:00026030       sfc_api_get                0000000180027030 f   sfc_debug:sfc_api.obj
 0001:00026190       sf_debug_sm_is_using_unified_editors 0000000180027190 f   sfc_debug:sfdb_animation.obj
 0001:00026230       sf_debug_sm_is_chart_visible_in_unified_editors 0000000180027230 f   sfc_debug:sfdb_animation.obj
 0001:000262f0       sf_debug_sm_check_if_chart_is_visible 00000001800272f0 f   sfc_debug:sfdb_animation.obj
 0001:00026df0       sf_debug_sm_fill_state_activity_data 0000000180027df0 f   sfc_debug:sfdb_animation.obj
 0001:000293e0       sf_debug_hm_get_simulink_handle 000000018002a3e0 f   sfc_debug:sfdb_handle_management.obj
 0001:00029f30       sf_debug_hm_initialize_globals 000000018002af30 f   sfc_debug:sfdb_handle_management.obj
 0001:0002a030       sf_debug_hm_get_machine_debug_flag 000000018002b030 f   sfc_debug:sfdb_handle_management.obj
 0001:0002a1a0       sf_debug_hm_get_machine_id 000000018002b1a0 f   sfc_debug:sfdb_handle_management.obj
 0001:0002a2c0       sf_debug_hm_get_chart_id   000000018002b2c0 f   sfc_debug:sfdb_handle_management.obj
 0001:0002a460       sf_debug_hm_register_executing_SFunction 000000018002b460 f   sfc_debug:sfdb_handle_management.obj
 0001:0002a600       sf_debug_hm_get_chart_active_instance 000000018002b600 f   sfc_debug:sfdb_handle_management.obj
 0001:0002a770       sf_debug_hm_get_chart_visibility 000000018002b770 f   sfc_debug:sfdb_handle_management.obj
 0001:0002a8c0       sf_debug_hm_form_object_boolean_properties 000000018002b8c0 f   sfc_debug:sfdb_handle_management.obj
 0001:0002ab90       sf_debug_hm_form_object_properties 000000018002bb90 f   sfc_debug:sfdb_handle_management.obj
 0001:0002add0       sf_debug_hm_terminate_charts 000000018002bdd0 f   sfc_debug:sfdb_handle_management.obj
 0001:0002b540       sf_debug_hm_terminate_machines 000000018002c540 f   sfc_debug:sfdb_handle_management.obj
 0001:0002ce60       void_ptr_stack_vector_free_total 000000018002de60 f   sfc_debug:sfdb_data_browse.obj
 0001:0002cef0       sf_debug_st_terminate_machine 000000018002def0 f   sfc_debug:sfdb_data_browse.obj
 0001:0002cf30       sf_debug_st_terminate_instance 000000018002df30 f   sfc_debug:sfdb_data_browse.obj
 0001:0002d2e0       push_on_to_void_ptr_stack  000000018002e2e0 f   sfc_debug:sfdb_data_browse.obj
 0001:0002d470       pop_from_void_ptr_stack    000000018002e470 f   sfc_debug:sfdb_data_browse.obj
 0001:0002d5a0       sf_debug_st_get_data_value 000000018002e5a0 f   sfc_debug:sfdb_data_browse.obj
 0001:0002db30       mx_value                   000000018002eb30 f   sfc_debug:sfdb_data_browse.obj
 0001:0002db70       sf_debug_st_fill_data_struct 000000018002eb70 f   sfc_debug:sfdb_data_browse.obj
 0001:0002deb0       data_type_format_strings   000000018002eeb0 f   sfc_debug:sfdb_data_browse.obj
 0001:0002df60       sf_debug_st_fill_data      000000018002ef60 f   sfc_debug:sfdb_data_browse.obj
 0001:0002f1a0       sf_debug_ss_copy_dimension 00000001800301a0 f   sfc_debug:sfdb_symbol_scope.obj
 0001:0002f260       sf_debug_ss_get_number_elements 0000000180030260 f   sfc_debug:sfdb_symbol_scope.obj
 0001:0002f280       sf_debug_ss_fill_data_struct 0000000180030280 f   sfc_debug:sfdb_symbol_scope.obj
 0001:0002f5d0       sf_debug_ss_reset_data_info 00000001800305d0 f   sfc_debug:sfdb_symbol_scope.obj
 0001:0002f630       sf_debug_fill_data_info_by_symbol_scope_entry 0000000180030630 f   sfc_debug:sfdb_symbol_scope.obj
 0001:0002f6f0       sf_debug_fill_data_info_by_data_vector 00000001800306f0 f   sfc_debug:sfdb_symbol_scope.obj
 0001:0002f940       sf_debug_ss_get_data_info  0000000180030940 f   sfc_debug:sfdb_symbol_scope.obj
 0001:0002fc30       sf_debug_select_mex_function 0000000180030c30 f   sfc_debug:sfdb_symbol_scope.obj
 0001:0002fc60       sf_debug_is_dyn_matrix_initialized 0000000180030c60 f   sfc_debug:sfdb_symbol_scope.obj
 0001:0002fc80       sf_debug_ss_set_data_value_try 0000000180030c80 f   sfc_debug:sfdb_symbol_scope.obj
 0001:0002fe50       sf_debug_ss_get_data_value 0000000180030e50 f   sfc_debug:sfdb_symbol_scope.obj
 0001:000303a0       sf_debug_ss_data_bytes_string 00000001800313a0 f   sfc_debug:sfdb_symbol_scope.obj
 0001:00030450       sf_debug_ss_data_class_string 0000000180031450 f   sfc_debug:sfdb_symbol_scope.obj
 0001:000307e0       sf_debug_ss_data_size_string 00000001800317e0 f   sfc_debug:sfdb_symbol_scope.obj
 0001:000308c0       sf_debug_ss_data_create_data_info_struct 00000001800318c0 f   sfc_debug:sfdb_symbol_scope.obj
 0001:00030b90       sf_debug_ss_data_create_name_value_pair 0000000180031b90 f   sfc_debug:sfdb_symbol_scope.obj
 0001:00030c30       sf_debug_ss_data_get_whos_info 0000000180031c30 f   sfc_debug:sfdb_symbol_scope.obj
 0001:00030c40       same_named_data_in_data_array 0000000180031c40 f   sfc_debug:sfdb_symbol_scope.obj
 0001:000324b0       sf_debug_cc_terminate_chart 00000001800334b0 f   sfc_debug:sfdb_coverage.obj
 0001:00032850       sf_debug_cc_terminate_instance 0000000180033850 f   sfc_debug:sfdb_coverage.obj
 0001:00033440       sf_debug_cc_mark_object_if_needed 0000000180034440 f   sfc_debug:sfdb_coverage.obj
 0001:00033d40       sf_debug_bm_initialize_eml 0000000180034d40 f   sfc_debug:sfdb_breakpoints.obj
 0001:00034eb0       sf_debug_bm_map_debug_tag_to_breakpoint_tag 0000000180035eb0 f   sfc_debug:sfdb_breakpoints.obj
 0001:00034f90       sf_debug_bm_is_a_eml_breakpoint_impl 0000000180035f90 f   sfc_debug:sfdb_breakpoints.obj
 0001:00036a10       sf_debug_sc_push_on_error_stack 0000000180037a10 f   sfc_debug:sfdb_state_consistency.obj
 0001:00036b40       sf_debug_sc_reset_error_stack 0000000180037b40 f   sfc_debug:sfdb_state_consistency.obj
 0001:00036cd0       sf_debug_sc_is_state_inconsistent 0000000180037cd0 f   sfc_debug:sfdb_state_consistency.obj
 0001:00036fd0       sf_debug_sc_fill_consistency_info 0000000180037fd0 f   sfc_debug:sfdb_state_consistency.obj
 0001:000375b0       void_assertion_fcn         00000001800385b0 f   sfc_debug:sfdb_call_stack.obj
 0001:00037b30       sf_debug_tm_fill_local_trace 0000000180038b30 f   sfc_debug:sfdb_call_stack.obj
 0001:00038100       sf_debug_cd_terminate_instance 0000000180039100 f   sfc_debug:sfdb_cycle_detection.obj
 0001:00038160       sf_debug_cd_free_checksum_stack 0000000180039160 f   sfc_debug:sfdb_cycle_detection.obj
 0001:000381b0       sf_debug_cd_reset_pack_strings 00000001800391b0 f   sfc_debug:sfdb_cycle_detection.obj
 0001:00038870       md5file_clear              0000000180039870 f   sfc_debug:ckmd5.obj
 0001:000388a0       Encode                     00000001800398a0 f   sfc_debug:ckmd5.obj
 0001:000388f0       Decode                     00000001800398f0 f   sfc_debug:ckmd5.obj
 0001:00038990       MD5Transform               0000000180039990 f   sfc_debug:ckmd5.obj
 0001:000391e0       md5file_addn               000000018003a1e0 f   sfc_debug:ckmd5.obj
 0001:000392b0       md5file_hash               000000018003a2b0 f   sfc_debug:ckmd5.obj
 0001:00039788       pre_c_init                 000000018003a788 f   MSVCRT:crtdll.obj
 0001:00039a44       __DllMainCRTStartup        000000018003aa44 f   MSVCRT:crtdll.obj
 0001:0003a150       __DllMainCRTStartup$filt$0 000000018003b150 f   MSVCRT:crtdll.obj
 0001:0003a180       __DllMainCRTStartup$fin$1  000000018003b180 f   MSVCRT:crtdll.obj
 0001:0003a19a       _onexit$fin$0              000000018003b19a f   MSVCRT:atonexit.obj
 0001:0003a1c0       _IsNonwritableInCurrentImage$filt$0 000000018003b1c0 f   MSVCRT:pesect.obj
